2026-01-03T14:29:52.346502+00:00 raspberrypi systemd[1]: Listening on syslog.socket - Syslog Socket.
2026-01-03T14:29:52.346675+00:00 raspberrypi kernel: [    0.000000] Booting Linux on physical CPU 0x0000000000 [0x410fd083]
2026-01-03T14:29:52.349687+00:00 raspberrypi kernel: [    0.000000] Linux version 6.12.47+rpt-rpi-v8 (serge@raspberrypi.com) (aarch64-linux-gnu-gcc-12 (Debian 12.2.0-14+deb12u1) 12.2.0, GNU ld (GNU Binutils for Debian) 2.40) #1 SMP PREEMPT Debian 1:6.12.47-1+rpt1~bookworm (2025-09-16)
2026-01-03T14:29:52.349699+00:00 raspberrypi kernel: [    0.000000] KASLR enabled
2026-01-03T14:29:52.349644+00:00 raspberrypi systemd[1]: Starting rsyslog.service - System Logging Service...
2026-01-03T14:29:52.349701+00:00 raspberrypi kernel: [    0.000000] random: crng init done
2026-01-03T14:29:52.349705+00:00 raspberrypi kernel: [    0.000000] Machine model: Raspberry Pi 4 Model B Rev 1.5
2026-01-03T14:29:52.349707+00:00 raspberrypi kernel: [    0.000000] efi: UEFI not found.
2026-01-03T14:29:52.349709+00:00 raspberrypi kernel: [    0.000000] Reserved memory: created CMA memory pool at 0x000000000dc00000, size 512 MiB
2026-01-03T14:29:52.349716+00:00 raspberrypi kernel: [    0.000000] OF: reserved mem: initialized node linux,cma, compatible id shared-dma-pool
2026-01-03T14:29:52.349718+00:00 raspberrypi kernel: [    0.000000] OF: reserved mem: 0x000000000dc00000..0x000000002dbfffff (524288 KiB) map reusable linux,cma
2026-01-03T14:29:52.349720+00:00 raspberrypi kernel: [    0.000000] OF: reserved mem: 0x000000003ef73340..0x000000003ef73375 (0 KiB) nomap non-reusable nvram@0
2026-01-03T14:29:52.349722+00:00 raspberrypi kernel: [    0.000000] OF: reserved mem: 0x000000003ef73100..0x000000003ef732ff (0 KiB) nomap non-reusable nvram@1
2026-01-03T14:29:52.349724+00:00 raspberrypi kernel: [    0.000000] NUMA: Faking a node at [mem 0x0000000000000000-0x00000000fbffffff]
2026-01-03T14:29:52.349726+00:00 raspberrypi kernel: [    0.000000] Faking node 0 at [mem 0x0000000000000000-0x000000007fffffff] (2048MB)
2026-01-03T14:29:52.349732+00:00 raspberrypi kernel: [    0.000000] Faking node 1 at [mem 0x0000000080000000-0x00000000fbffffff] (1984MB)
2026-01-03T14:29:52.349734+00:00 raspberrypi kernel: [    0.000000] NUMA: Initialized distance table, cnt=2
2026-01-03T14:29:52.349735+00:00 raspberrypi kernel: [    0.000000] NODE_DATA(0) allocated [mem 0x7fffd300-0x7fffffff]
2026-01-03T14:29:52.349737+00:00 raspberrypi kernel: [    0.000000] NODE_DATA(1) allocated [mem 0xfb7f9300-0xfb7fbfff]
2026-01-03T14:29:52.349739+00:00 raspberrypi kernel: [    0.000000] Zone ranges:
2026-01-03T14:29:52.349741+00:00 raspberrypi kernel: [    0.000000]   DMA      [mem 0x0000000000000000-0x000000003fffffff]
2026-01-03T14:29:52.349746+00:00 raspberrypi kernel: [    0.000000]   DMA32    [mem 0x0000000040000000-0x00000000fbffffff]
2026-01-03T14:29:52.349748+00:00 raspberrypi kernel: [    0.000000]   Normal   empty
2026-01-03T14:29:52.349750+00:00 raspberrypi kernel: [    0.000000] Movable zone start for each node
2026-01-03T14:29:52.349751+00:00 raspberrypi kernel: [    0.000000] Early memory node ranges
2026-01-03T14:29:52.349753+00:00 raspberrypi kernel: [    0.000000]   node   0: [mem 0x0000000000000000-0x000000003b3fffff]
2026-01-03T14:29:52.349755+00:00 raspberrypi kernel: [    0.000000]   node   0: [mem 0x0000000040000000-0x000000007fffffff]
2026-01-03T14:29:52.349756+00:00 raspberrypi kernel: [    0.000000]   node   1: [mem 0x0000000080000000-0x00000000fbffffff]
2026-01-03T14:29:52.349762+00:00 raspberrypi kernel: [    0.000000] Initmem setup node 0 [mem 0x0000000000000000-0x000000007fffffff]
2026-01-03T14:29:52.349764+00:00 raspberrypi kernel: [    0.000000] Initmem setup node 1 [mem 0x0000000080000000-0x00000000fbffffff]
2026-01-03T14:29:52.349765+00:00 raspberrypi kernel: [    0.000000] On node 0, zone DMA32: 19456 pages in unavailable ranges
2026-01-03T14:29:52.349767+00:00 raspberrypi kernel: [    0.000000] On node 1, zone DMA32: 16384 pages in unavailable ranges
2026-01-03T14:29:52.349768+00:00 raspberrypi kernel: [    0.000000] percpu: Embedded 33 pages/cpu s95192 r8192 d31784 u135168
2026-01-03T14:29:52.349771+00:00 raspberrypi kernel: [    0.000000] pcpu-alloc: s95192 r8192 d31784 u135168 alloc=33*4096
2026-01-03T14:29:52.349776+00:00 raspberrypi kernel: [    0.000000] pcpu-alloc: [0] 0 [0] 1 [0] 2 [0] 3 
2026-01-03T14:29:52.349778+00:00 raspberrypi kernel: [    0.000000] Detected PIPT I-cache on CPU0
2026-01-03T14:29:52.349779+00:00 raspberrypi kernel: [    0.000000] CPU features: detected: Spectre-v2
2026-01-03T14:29:52.349781+00:00 raspberrypi kernel: [    0.000000] CPU features: detected: Spectre-v3a
2026-01-03T14:29:52.349782+00:00 raspberrypi kernel: [    0.000000] CPU features: detected: Spectre-v4
2026-01-03T14:29:52.349785+00:00 raspberrypi kernel: [    0.000000] CPU features: detected: Spectre-BHB
2026-01-03T14:29:52.349787+00:00 raspberrypi kernel: [    0.000000] CPU features: kernel page table isolation forced ON by KASLR
2026-01-03T14:29:52.349792+00:00 raspberrypi kernel: [    0.000000] CPU features: detected: Kernel page table isolation (KPTI)
2026-01-03T14:29:52.349794+00:00 raspberrypi kernel: [    0.000000] CPU features: detected: ARM erratum 1742098
2026-01-03T14:29:52.349795+00:00 raspberrypi kernel: [    0.000000] CPU features: detected: ARM errata 1165522, 1319367, or 1530923
2026-01-03T14:29:52.349796+00:00 raspberrypi kernel: [    0.000000] alternatives: applying boot alternatives
2026-01-03T14:29:52.349800+00:00 raspberrypi kernel: [    0.000000] Kernel command line: coherent_pool=1M 8250.nr_uarts=0 snd_bcm2835.enable_headphones=0 cgroup_disable=memory numa_policy=interleave nvme.max_host_mem_size_mb=0 snd_bcm2835.enable_headphones=1 snd_bcm2835.enable_hdmi=1 snd_bcm2835.enable_hdmi=0  numa=fake=2 system_heap.max_order=0 smsc95xx.macaddr=2C:CF:67:0B:B6:6A vc_mem.mem_base=0x3ec00000 vc_mem.mem_size=0x40000000  console=tty1 root=PARTUUID=2707996d-02 rootfstype=ext4 fsck.repair=yes rootwait quiet splash plymouth.ignore-serial-consoles cfg80211.ieee80211_regdom=US
2026-01-03T14:29:52.349805+00:00 raspberrypi kernel: [    0.000000] cgroup: Disabling memory control group subsystem
2026-01-03T14:29:52.349807+00:00 raspberrypi kernel: [    0.000000] mempolicy: NUMA default policy overridden to 'interleave:0-1'
2026-01-03T14:29:52.349808+00:00 raspberrypi kernel: [    0.000000] Unknown kernel command line parameters "splash", will be passed to user space.
2026-01-03T14:29:52.349810+00:00 raspberrypi kernel: [    0.000000] Fallback order for Node 0: 0 1 
2026-01-03T14:29:52.349812+00:00 raspberrypi kernel: [    0.000000] Fallback order for Node 1: 1 0 
2026-01-03T14:29:52.349813+00:00 raspberrypi kernel: [    0.000000] Built 2 zonelists, mobility grouping on.  Total pages: 1012736
2026-01-03T14:29:52.349815+00:00 raspberrypi kernel: [    0.000000] Policy zone: DMA32
2026-01-03T14:29:52.349821+00:00 raspberrypi kernel: [    0.000000] mem auto-init: stack:all(zero), heap alloc:off, heap free:off
2026-01-03T14:29:52.349822+00:00 raspberrypi kernel: [    0.000000] software IO TLB: area num 4.
2026-01-03T14:29:52.349824+00:00 raspberrypi kernel: [    0.000000] software IO TLB: mapped [mem 0x0000000037400000-0x000000003b400000] (64MB)
2026-01-03T14:29:52.349825+00:00 raspberrypi kernel: [    0.000000] SLUB: HWalign=64, Order=0-3, MinObjects=0, CPUs=4, Nodes=2
2026-01-03T14:29:52.349827+00:00 raspberrypi kernel: [    0.000000] ftrace: allocating 45290 entries in 177 pages
2026-01-03T14:29:52.349829+00:00 raspberrypi kernel: [    0.000000] ftrace: allocated 177 pages with 4 groups
2026-01-03T14:29:52.349834+00:00 raspberrypi kernel: [    0.000000] rcu: Preemptible hierarchical RCU implementation.
2026-01-03T14:29:52.349836+00:00 raspberrypi kernel: [    0.000000] rcu: 	RCU event tracing is enabled.
2026-01-03T14:29:52.349837+00:00 raspberrypi kernel: [    0.000000] 	Trampoline variant of Tasks RCU enabled.
2026-01-03T14:29:52.349838+00:00 raspberrypi kernel: [    0.000000] 	Rude variant of Tasks RCU enabled.
2026-01-03T14:29:52.349840+00:00 raspberrypi kernel: [    0.000000] 	Tracing variant of Tasks RCU enabled.
2026-01-03T14:29:52.349842+00:00 raspberrypi kernel: [    0.000000] rcu: RCU calculated value of scheduler-enlistment delay is 25 jiffies.
2026-01-03T14:29:52.349846+00:00 raspberrypi kernel: [    0.000000] RCU Tasks: Setting shift to 2 and lim to 1 rcu_task_cb_adjust=1 rcu_task_cpu_ids=4.
2026-01-03T14:29:52.349848+00:00 raspberrypi kernel: [    0.000000] RCU Tasks Rude: Setting shift to 2 and lim to 1 rcu_task_cb_adjust=1 rcu_task_cpu_ids=4.
2026-01-03T14:29:52.349850+00:00 raspberrypi kernel: [    0.000000] RCU Tasks Trace: Setting shift to 2 and lim to 1 rcu_task_cb_adjust=1 rcu_task_cpu_ids=4.
2026-01-03T14:29:52.349852+00:00 raspberrypi kernel: [    0.000000] NR_IRQS: 64, nr_irqs: 64, preallocated irqs: 0
2026-01-03T14:29:52.349853+00:00 raspberrypi kernel: [    0.000000] Root IRQ handler: gic_handle_irq
2026-01-03T14:29:52.349855+00:00 raspberrypi kernel: [    0.000000] GIC: Using split EOI/Deactivate mode
2026-01-03T14:29:52.349862+00:00 raspberrypi kernel: [    0.000000] rcu: srcu_init: Setting srcu_struct sizes based on contention.
2026-01-03T14:29:52.349864+00:00 raspberrypi kernel: [    0.000000] arch_timer: cp15 timer(s) running at 54.00MHz (phys).
2026-01-03T14:29:52.349865+00:00 raspberrypi kernel: [    0.000000] clocksource: arch_sys_counter: mask: 0xffffffffffffff max_cycles: 0xc743ce346, max_idle_ns: 440795203123 ns
2026-01-03T14:29:52.349867+00:00 raspberrypi kernel: [    0.000000] sched_clock: 56 bits at 54MHz, resolution 18ns, wraps every 4398046511102ns
2026-01-03T14:29:52.349868+00:00 raspberrypi kernel: [    0.000154] Console: colour dummy device 80x25
2026-01-03T14:29:52.349870+00:00 raspberrypi kernel: [    0.000162] printk: legacy console [tty1] enabled
2026-01-03T14:29:52.349871+00:00 raspberrypi kernel: [    0.000239] Calibrating delay loop (skipped), value calculated using timer frequency.. 108.00 BogoMIPS (lpj=216000)
2026-01-03T14:29:52.349877+00:00 raspberrypi kernel: [    0.000248] pid_max: default: 32768 minimum: 301
2026-01-03T14:29:52.349851+00:00 raspberrypi rsyslogd: imuxsock: Acquired UNIX socket '/run/systemd/journal/syslog' (fd 3) from systemd.  [v8.2302.0]
2026-01-03T14:29:52.349879+00:00 raspberrypi kernel: [    0.000297] LSM: initializing lsm=capability
2026-01-03T14:29:52.349880+00:00 raspberrypi kernel: [    0.001831] Dentry cache hash table entries: 524288 (order: 10, 4194304 bytes, vmalloc hugepage)
2026-01-03T14:29:52.349882+00:00 raspberrypi kernel: [    0.002922] Inode-cache hash table entries: 262144 (order: 9, 2097152 bytes, vmalloc)
2026-01-03T14:29:52.349884+00:00 raspberrypi kernel: [    0.003000] Mount-cache hash table entries: 8192 (order: 4, 65536 bytes, vmalloc)
2026-01-03T14:29:52.349885+00:00 raspberrypi kernel: [    0.003041] Mountpoint-cache hash table entries: 8192 (order: 4, 65536 bytes, vmalloc)
2026-01-03T14:29:52.349891+00:00 raspberrypi kernel: [    0.004601] rcu: Hierarchical SRCU implementation.
2026-01-03T14:29:52.349893+00:00 raspberrypi kernel: [    0.004611] rcu: 	Max phase no-delay instances is 1000.
2026-01-03T14:29:52.349894+00:00 raspberrypi kernel: [    0.004746] Timer migration: 2 hierarchy levels; 8 children per group; 1 crossnode level
2026-01-03T14:29:52.349896+00:00 raspberrypi kernel: [    0.005368] EFI services will not be available.
2026-01-03T14:29:52.349898+00:00 raspberrypi kernel: [    0.005537] smp: Bringing up secondary CPUs ...
2026-01-03T14:29:52.349899+00:00 raspberrypi kernel: [    0.005857] Detected PIPT I-cache on CPU1
2026-01-03T14:29:52.349905+00:00 raspberrypi kernel: [    0.005926] CPU1: Booted secondary processor 0x0000000001 [0x410fd083]
2026-01-03T14:29:52.349907+00:00 raspberrypi kernel: [    0.006266] Detected PIPT I-cache on CPU2
2026-01-03T14:29:52.349909+00:00 raspberrypi kernel: [    0.006299] CPU2: Booted secondary processor 0x0000000002 [0x410fd083]
2026-01-03T14:29:52.349910+00:00 raspberrypi kernel: [    0.006616] Detected PIPT I-cache on CPU3
2026-01-03T14:29:52.349912+00:00 raspberrypi kernel: [    0.006650] CPU3: Booted secondary processor 0x0000000003 [0x410fd083]
2026-01-03T14:29:52.349914+00:00 raspberrypi kernel: [    0.006694] smp: Brought up 2 nodes, 4 CPUs
2026-01-03T14:29:52.349915+00:00 raspberrypi kernel: [    0.006702] SMP: Total of 4 processors activated.
2026-01-03T14:29:52.349921+00:00 raspberrypi kernel: [    0.006705] CPU: All CPU(s) started at EL2
2026-01-03T14:29:52.349923+00:00 raspberrypi kernel: [    0.006715] CPU features: detected: 32-bit EL0 Support
2026-01-03T14:29:52.349924+00:00 raspberrypi kernel: [    0.006718] CPU features: detected: 32-bit EL1 Support
2026-01-03T14:29:52.349926+00:00 raspberrypi kernel: [    0.006722] CPU features: detected: CRC32 instructions
2026-01-03T14:29:52.349928+00:00 raspberrypi kernel: [    0.006751] alternatives: applying system-wide alternatives
2026-01-03T14:29:52.349930+00:00 raspberrypi kernel: [    0.007638] Memory: 3324904K/4050944K available (14208K kernel code, 2406K rwdata, 4824K rodata, 5440K init, 577K bss, 186012K reserved, 524288K cma-reserved)
2026-01-03T14:29:52.349935+00:00 raspberrypi kernel: [    0.008097] devtmpfs: initialized
2026-01-03T14:29:52.349937+00:00 raspberrypi kernel: [    0.012173] Enabled cp15_barrier support
2026-01-03T14:29:52.349938+00:00 raspberrypi kernel: [    0.012191] Enabled setend support
2026-01-03T14:29:52.349940+00:00 raspberrypi kernel: [    0.012275] clocksource: jiffies: mask: 0xffffffff max_cycles: 0xffffffff, max_idle_ns: 7645041785100000 ns
2026-01-03T14:29:52.350055+00:00 raspberrypi kernel: [    0.012289] futex hash table entries: 1024 (order: 4, 65536 bytes, vmalloc)
2026-01-03T14:29:52.350059+00:00 raspberrypi kernel: [    0.021228] 2G module region forced by RANDOMIZE_MODULE_REGION_FULL
2026-01-03T14:29:52.350067+00:00 raspberrypi kernel: [    0.021245] 0 pages in range for non-PLT usage
2026-01-03T14:29:52.350070+00:00 raspberrypi kernel: [    0.021251] 517360 pages in range for PLT usage
2026-01-03T14:29:52.350071+00:00 raspberrypi kernel: [    0.021435] pinctrl core: initialized pinctrl subsystem
2026-01-03T14:29:52.350072+00:00 raspberrypi kernel: [    0.021766] DMI not present or invalid.
2026-01-03T14:29:52.350074+00:00 raspberrypi kernel: [    0.024199] NET: Registered PF_NETLINK/PF_ROUTE protocol family
2026-01-03T14:29:52.350075+00:00 raspberrypi kernel: [    0.024827] DMA: preallocated 1024 KiB GFP_KERNEL pool for atomic allocations
2026-01-03T14:29:52.350082+00:00 raspberrypi kernel: [    0.024922] DMA: preallocated 1024 KiB GFP_KERNEL|GFP_DMA pool for atomic allocations
2026-01-03T14:29:52.350083+00:00 raspberrypi kernel: [    0.025067] DMA: preallocated 1024 KiB GFP_KERNEL|GFP_DMA32 pool for atomic allocations
2026-01-03T14:29:52.350085+00:00 raspberrypi kernel: [    0.025098] audit: initializing netlink subsys (disabled)
2026-01-03T14:29:52.350028+00:00 raspberrypi rsyslogd: [origin software="rsyslogd" swVersion="8.2302.0" x-pid="3191" x-info="https://www.rsyslog.com"] start
2026-01-03T14:29:52.350088+00:00 raspberrypi kernel: [    0.025235] audit: type=2000 audit(0.024:1): state=initialized audit_enabled=0 res=1
2026-01-03T14:29:52.350092+00:00 raspberrypi kernel: [    0.025462] thermal_sys: Registered thermal governor 'step_wise'
2026-01-03T14:29:52.350094+00:00 raspberrypi kernel: [    0.025481] cpuidle: using governor menu
2026-01-03T14:29:52.350096+00:00 raspberrypi kernel: [    0.025577] hw-breakpoint: found 6 breakpoint and 4 watchpoint registers.
2026-01-03T14:29:52.350102+00:00 raspberrypi kernel: [    0.025628] ASID allocator initialised with 32768 entries
2026-01-03T14:29:52.350104+00:00 raspberrypi kernel: [    0.026035] Serial: AMBA PL011 UART driver
2026-01-03T14:29:52.350105+00:00 raspberrypi kernel: [    0.028499] /soc/interrupt-controller@40041000: Fixed dependency cycle(s) with /soc/interrupt-controller@40041000
2026-01-03T14:29:52.350107+00:00 raspberrypi kernel: [    0.028903] bcm2835-mbox fe00b880.mailbox: mailbox enabled
2026-01-03T14:29:52.350108+00:00 raspberrypi kernel: [    0.036115] raspberrypi-firmware soc:firmware: Attached to firmware from 2025-08-20T17:02:31, variant start
2026-01-03T14:29:52.350111+00:00 raspberrypi kernel: [    0.040121] raspberrypi-firmware soc:firmware: Firmware hash is cd866525580337c0aee4b25880e1f5f9f674fb24
2026-01-03T14:29:52.350116+00:00 raspberrypi kernel: [    0.045455] /scb/pcie@7d500000: Fixed dependency cycle(s) with /scb/pcie@7d500000
2026-01-03T14:29:52.350118+00:00 raspberrypi kernel: [    0.045549] /scb/pcie@7d500000: Fixed dependency cycle(s) with /scb/pcie@7d500000
2026-01-03T14:29:52.350119+00:00 raspberrypi kernel: [    0.047665] bcm2835-dma fe007000.dma-controller: DMA legacy API manager, dmachans=0x1
2026-01-03T14:29:52.350121+00:00 raspberrypi kernel: [    0.048353] iommu: Default domain type: Translated
2026-01-03T14:29:52.350122+00:00 raspberrypi kernel: [    0.048358] iommu: DMA domain TLB invalidation policy: strict mode
2026-01-03T14:29:52.350124+00:00 raspberrypi kernel: [    0.050268] SCSI subsystem initialized
2026-01-03T14:29:52.350130+00:00 raspberrypi kernel: [    0.050353] usbcore: registered new interface driver usbfs
2026-01-03T14:29:52.350132+00:00 raspberrypi kernel: [    0.050370] usbcore: registered new interface driver hub
2026-01-03T14:29:52.350133+00:00 raspberrypi kernel: [    0.050389] usbcore: registered new device driver usb
2026-01-03T14:29:52.350134+00:00 raspberrypi kernel: [    0.050582] pps_core: LinuxPPS API ver. 1 registered
2026-01-03T14:29:52.350136+00:00 raspberrypi kernel: [    0.050585] pps_core: Software ver. 5.3.6 - Copyright 2005-2007 Rodolfo Giometti <giometti@linux.it>
2026-01-03T14:29:52.350138+00:00 raspberrypi kernel: [    0.050592] PTP clock support registered
2026-01-03T14:29:52.350143+00:00 raspberrypi kernel: [    0.051179] vgaarb: loaded
2026-01-03T14:29:52.350145+00:00 raspberrypi kernel: [    0.051432] clocksource: Switched to clocksource arch_sys_counter
2026-01-03T14:29:52.350146+00:00 raspberrypi kernel: [    0.051652] VFS: Disk quotas dquot_6.6.0
2026-01-03T14:29:52.350147+00:00 raspberrypi kernel: [    0.051665] VFS: Dquot-cache hash table entries: 512 (order 0, 4096 bytes)
2026-01-03T14:29:52.350149+00:00 raspberrypi kernel: [    0.057858] NET: Registered PF_INET protocol family
2026-01-03T14:29:52.350151+00:00 raspberrypi kernel: [    0.058284] IP idents hash table entries: 65536 (order: 7, 524288 bytes, vmalloc)
2026-01-03T14:29:52.350152+00:00 raspberrypi kernel: [    0.059943] tcp_listen_portaddr_hash hash table entries: 2048 (order: 3, 32768 bytes, vmalloc)
2026-01-03T14:29:52.350158+00:00 raspberrypi kernel: [    0.059989] Table-perturb hash table entries: 65536 (order: 6, 262144 bytes, vmalloc)
2026-01-03T14:29:52.350159+00:00 raspberrypi kernel: [    0.060004] TCP established hash table entries: 32768 (order: 6, 262144 bytes, vmalloc)
2026-01-03T14:29:52.350161+00:00 raspberrypi kernel: [    0.060183] TCP bind hash table entries: 32768 (order: 8, 1048576 bytes, vmalloc)
2026-01-03T14:29:52.350163+00:00 raspberrypi kernel: [    0.060713] TCP: Hash tables configured (established 32768 bind 32768)
2026-01-03T14:29:52.350164+00:00 raspberrypi kernel: [    0.060992] MPTCP token hash table entries: 4096 (order: 4, 98304 bytes, vmalloc)
2026-01-03T14:29:52.350166+00:00 raspberrypi kernel: [    0.061071] UDP hash table entries: 2048 (order: 4, 65536 bytes, vmalloc)
2026-01-03T14:29:52.350172+00:00 raspberrypi kernel: [    0.061105] UDP-Lite hash table entries: 2048 (order: 4, 65536 bytes, vmalloc)
2026-01-03T14:29:52.350174+00:00 raspberrypi kernel: [    0.061215] NET: Registered PF_UNIX/PF_LOCAL protocol family
2026-01-03T14:29:52.350175+00:00 raspberrypi kernel: [    0.061576] RPC: Registered named UNIX socket transport module.
2026-01-03T14:29:52.350176+00:00 raspberrypi kernel: [    0.061582] RPC: Registered udp transport module.
2026-01-03T14:29:52.350178+00:00 raspberrypi kernel: [    0.061584] RPC: Registered tcp transport module.
2026-01-03T14:29:52.350180+00:00 raspberrypi kernel: [    0.061587] RPC: Registered tcp-with-tls transport module.
2026-01-03T14:29:52.350186+00:00 raspberrypi kernel: [    0.061589] RPC: Registered tcp NFSv4.1 backchannel transport module.
2026-01-03T14:29:52.350188+00:00 raspberrypi kernel: [    0.061600] PCI: CLS 0 bytes, default 64
2026-01-03T14:29:52.350190+00:00 raspberrypi kernel: [    0.061963] Trying to unpack rootfs image as initramfs...
2026-01-03T14:29:52.350192+00:00 raspberrypi kernel: [    0.070024] kvm [1]: nv: 554 coarse grained trap handlers
2026-01-03T14:29:52.350193+00:00 raspberrypi kernel: [    0.070275] kvm [1]: IPA Size Limit: 44 bits
2026-01-03T14:29:52.350238+00:00 raspberrypi kernel: [    0.070862] kvm [1]: vgic interrupt IRQ9
2026-01-03T14:29:52.350242+00:00 raspberrypi kernel: [    0.070894] kvm [1]: Hyp nVHE mode initialized successfully
2026-01-03T14:29:52.350247+00:00 raspberrypi kernel: [    0.416239] Freeing initrd memory: 17620K
2026-01-03T14:29:52.350116+00:00 raspberrypi systemd[1]: Started rsyslog.service - System Logging Service.
2026-01-03T14:29:52.350249+00:00 raspberrypi kernel: [    0.448817] Initialise system trusted keyrings
2026-01-03T14:29:52.350253+00:00 raspberrypi kernel: [    0.449125] workingset: timestamp_bits=42 max_order=20 bucket_order=0
2026-01-03T14:29:52.350254+00:00 raspberrypi kernel: [    0.449559] NFS: Registering the id_resolver key type
2026-01-03T14:29:52.350256+00:00 raspberrypi kernel: [    0.449572] Key type id_resolver registered
2026-01-03T14:29:52.350257+00:00 raspberrypi kernel: [    0.449575] Key type id_legacy registered
2026-01-03T14:29:52.350263+00:00 raspberrypi kernel: [    0.449586] nfs4filelayout_init: NFSv4 File Layout Driver Registering...
2026-01-03T14:29:52.350265+00:00 raspberrypi kernel: [    0.449591] nfs4flexfilelayout_init: NFSv4 Flexfile Layout Driver Registering...
2026-01-03T14:29:52.350267+00:00 raspberrypi kernel: [    0.449924] Key type asymmetric registered
2026-01-03T14:29:52.350268+00:00 raspberrypi kernel: [    0.449929] Asymmetric key parser 'x509' registered
2026-01-03T14:29:52.350270+00:00 raspberrypi kernel: [    0.449959] Block layer SCSI generic (bsg) driver version 0.4 loaded (major 247)
2026-01-03T14:29:52.350271+00:00 raspberrypi kernel: [    0.450045] io scheduler mq-deadline registered
2026-01-03T14:29:52.350272+00:00 raspberrypi kernel: [    0.450050] io scheduler kyber registered
2026-01-03T14:29:52.350278+00:00 raspberrypi kernel: [    0.450069] io scheduler bfq registered
2026-01-03T14:29:52.350280+00:00 raspberrypi kernel: [    0.450521] irq_brcmstb_l2: registered L2 intc (/soc/interrupt-controller@7ef00100, parent irq: 23)
2026-01-03T14:29:52.350282+00:00 raspberrypi kernel: [    0.451677] pinctrl-bcm2835 fe200000.gpio: GPIO_OUT persistence: yes
2026-01-03T14:29:52.350283+00:00 raspberrypi kernel: [    0.459404] ledtrig-cpu: registered to indicate activity on CPUs
2026-01-03T14:29:52.350285+00:00 raspberrypi kernel: [    0.463794] brcm-pcie fd500000.pcie: host bridge /scb/pcie@7d500000 ranges:
2026-01-03T14:29:52.350287+00:00 raspberrypi kernel: [    0.463818] brcm-pcie fd500000.pcie:   No bus range found for /scb/pcie@7d500000, using [bus 00-ff]
2026-01-03T14:29:52.350293+00:00 raspberrypi kernel: [    0.463833] brcm-pcie fd500000.pcie:      MEM 0x0600000000..0x063fffffff -> 0x00c0000000
2026-01-03T14:29:52.350295+00:00 raspberrypi kernel: [    0.463847] brcm-pcie fd500000.pcie:   IB MEM 0x0000000000..0x00ffffffff -> 0x0400000000
2026-01-03T14:29:52.350297+00:00 raspberrypi kernel: [    0.464623] brcm-pcie fd500000.pcie: PCI host bridge to bus 0000:00
2026-01-03T14:29:52.350298+00:00 raspberrypi kernel: [    0.464634] pci_bus 0000:00: root bus resource [bus 00-ff]
2026-01-03T14:29:52.350300+00:00 raspberrypi kernel: [    0.464640] pci_bus 0000:00: root bus resource [mem 0x600000000-0x63fffffff] (bus address [0xc0000000-0xffffffff])
2026-01-03T14:29:52.350302+00:00 raspberrypi kernel: [    0.464681] pci 0000:00:00.0: [14e4:2711] type 01 class 0x060400 PCIe Root Port
2026-01-03T14:29:52.350323+00:00 raspberrypi kernel: [    0.464694] pci 0000:00:00.0: PCI bridge to [bus 00]
2026-01-03T14:29:52.350325+00:00 raspberrypi kernel: [    0.464700] pci 0000:00:00.0:   bridge window [mem 0x80000000-0xbfffffff]
2026-01-03T14:29:52.350327+00:00 raspberrypi kernel: [    0.464736] pci 0000:00:00.0: PME# supported from D0 D3hot
2026-01-03T14:29:52.350328+00:00 raspberrypi kernel: [    0.466014] pci 0000:00:00.0: bridge configuration invalid ([bus 00-00]), reconfiguring
2026-01-03T14:29:52.350330+00:00 raspberrypi kernel: [    0.466070] pci_bus 0000:01: supply vpcie3v3 not found, using dummy regulator
2026-01-03T14:29:52.350333+00:00 raspberrypi kernel: [    0.466124] pci_bus 0000:01: supply vpcie3v3aux not found, using dummy regulator
2026-01-03T14:29:52.350338+00:00 raspberrypi kernel: [    0.466146] pci_bus 0000:01: supply vpcie12v not found, using dummy regulator
2026-01-03T14:29:52.350340+00:00 raspberrypi kernel: [    0.567438] brcm-pcie fd500000.pcie: clkreq-mode set to default
2026-01-03T14:29:52.350342+00:00 raspberrypi kernel: [    0.569495] brcm-pcie fd500000.pcie: link up, 5.0 GT/s PCIe x1 (SSC)
2026-01-03T14:29:52.350343+00:00 raspberrypi kernel: [    0.569611] pci 0000:01:00.0: [1106:3483] type 00 class 0x0c0330 PCIe Endpoint
2026-01-03T14:29:52.350345+00:00 raspberrypi kernel: [    0.569666] pci 0000:01:00.0: BAR 0 [mem 0x00000000-0x00000fff 64bit]
2026-01-03T14:29:52.350346+00:00 raspberrypi kernel: [    0.569722] pci 0000:01:00.0: ASPM: VL805 fixup applied
2026-01-03T14:29:52.350349+00:00 raspberrypi kernel: [    0.569768] pci 0000:01:00.0: PME# supported from D0 D3hot
2026-01-03T14:29:52.350412+00:00 raspberrypi kernel: [    0.575485] pci_bus 0000:01: busn_res: [bus 01-ff] end is updated to 01
2026-01-03T14:29:52.350416+00:00 raspberrypi kernel: [    0.575505] pci 0000:00:00.0: bridge window [mem 0x600000000-0x6000fffff]: assigned
2026-01-03T14:29:52.350417+00:00 raspberrypi kernel: [    0.575511] pci 0000:01:00.0: BAR 0 [mem 0x600000000-0x600000fff 64bit]: assigned
2026-01-03T14:29:52.350419+00:00 raspberrypi kernel: [    0.575553] pci 0000:00:00.0: PCI bridge to [bus 01]
2026-01-03T14:29:52.350421+00:00 raspberrypi kernel: [    0.575558] pci 0000:00:00.0:   bridge window [mem 0x600000000-0x6000fffff]
2026-01-03T14:29:52.350423+00:00 raspberrypi kernel: [    0.575564] pci_bus 0000:00: resource 4 [mem 0x600000000-0x63fffffff]
2026-01-03T14:29:52.350440+00:00 raspberrypi kernel: [    0.575568] pci_bus 0000:01: resource 1 [mem 0x600000000-0x6000fffff]
2026-01-03T14:29:52.350443+00:00 raspberrypi kernel: [    0.575691] pcieport 0000:00:00.0: enabling device (0000 -> 0002)
2026-01-03T14:29:52.350444+00:00 raspberrypi kernel: [    0.575755] pcieport 0000:00:00.0: PME: Signaling with IRQ 27
2026-01-03T14:29:52.350446+00:00 raspberrypi kernel: [    0.575911] pcieport 0000:00:00.0: AER: enabled with IRQ 27
2026-01-03T14:29:52.350447+00:00 raspberrypi kernel: [    0.576316] simple-framebuffer 3e402000.framebuffer: framebuffer at 0x3e402000, 0x7f8000 bytes
2026-01-03T14:29:52.350449+00:00 raspberrypi kernel: [    0.576321] simple-framebuffer 3e402000.framebuffer: format=a8r8g8b8, mode=1920x1080x32, linelength=7680
2026-01-03T14:29:52.350466+00:00 raspberrypi kernel: [    0.576559] Console: switching to colour frame buffer device 240x67
2026-01-03T14:29:52.350576+00:00 raspberrypi kernel: [    0.579813] simple-framebuffer 3e402000.framebuffer: fb0: simplefb registered!
2026-01-03T14:29:52.350578+00:00 raspberrypi kernel: [    0.583952] iproc-rng200 fe104000.rng: hwrng registered
2026-01-03T14:29:52.350580+00:00 raspberrypi kernel: [    0.584034] vc-mem: phys_addr:0x00000000 mem_base=0x3ec00000 mem_size:0x40000000(1024 MiB)
2026-01-03T14:29:52.350581+00:00 raspberrypi kernel: [    0.588184] brd: module loaded
2026-01-03T14:29:52.350583+00:00 raspberrypi kernel: [    0.590543] loop: module loaded
2026-01-03T14:29:52.350585+00:00 raspberrypi kernel: [    0.590879] Loading iSCSI transport class v2.0-870.
2026-01-03T14:29:52.350634+00:00 raspberrypi kernel: [    0.592675] bcmgenet fd580000.ethernet: GENET 5.0 EPHY: 0x0000
2026-01-03T14:29:52.350641+00:00 raspberrypi kernel: [    0.791466] unimac-mdio unimac-mdio.-19: Broadcom UniMAC MDIO bus
2026-01-03T14:29:52.350642+00:00 raspberrypi kernel: [    0.791994] usbcore: registered new interface driver lan78xx
2026-01-03T14:29:52.350644+00:00 raspberrypi kernel: [    0.792017] usbcore: registered new interface driver smsc95xx
2026-01-03T14:29:52.350646+00:00 raspberrypi kernel: [    0.882856] xhci_hcd 0000:01:00.0: xHCI Host Controller
2026-01-03T14:29:52.350647+00:00 raspberrypi kernel: [    0.882870] xhci_hcd 0000:01:00.0: new USB bus registered, assigned bus number 1
2026-01-03T14:29:52.350664+00:00 raspberrypi kernel: [    0.883796] xhci_hcd 0000:01:00.0: hcc params 0x002841eb hci version 0x100 quirks 0x0300240000000890
2026-01-03T14:29:52.350667+00:00 raspberrypi kernel: [    0.884286] xhci_hcd 0000:01:00.0: xHCI Host Controller
2026-01-03T14:29:52.350669+00:00 raspberrypi kernel: [    0.884293] xhci_hcd 0000:01:00.0: new USB bus registered, assigned bus number 2
2026-01-03T14:29:52.350670+00:00 raspberrypi kernel: [    0.884300] xhci_hcd 0000:01:00.0: Host supports USB 3.0 SuperSpeed
2026-01-03T14:29:52.350672+00:00 raspberrypi kernel: [    0.884418] usb usb1: New USB device found, idVendor=1d6b, idProduct=0002, bcdDevice= 6.12
2026-01-03T14:29:52.350674+00:00 raspberrypi kernel: [    0.884424] usb usb1: New USB device strings: Mfr=3, Product=2, SerialNumber=1
2026-01-03T14:29:52.350690+00:00 raspberrypi kernel: [    0.884428] usb usb1: Product: xHCI Host Controller
2026-01-03T14:29:52.350693+00:00 raspberrypi kernel: [    0.884432] usb usb1: Manufacturer: Linux 6.12.47+rpt-rpi-v8 xhci-hcd
2026-01-03T14:29:52.350694+00:00 raspberrypi kernel: [    0.884435] usb usb1: SerialNumber: 0000:01:00.0
2026-01-03T14:29:52.350695+00:00 raspberrypi kernel: [    0.884677] hub 1-0:1.0: USB hub found
2026-01-03T14:29:52.350697+00:00 raspberrypi kernel: [    0.884694] hub 1-0:1.0: 1 port detected
2026-01-03T14:29:52.350698+00:00 raspberrypi kernel: [    0.884902] usb usb2: New USB device found, idVendor=1d6b, idProduct=0003, bcdDevice= 6.12
2026-01-03T14:29:52.350700+00:00 raspberrypi kernel: [    0.884907] usb usb2: New USB device strings: Mfr=3, Product=2, SerialNumber=1
2026-01-03T14:29:52.350713+00:00 raspberrypi kernel: [    0.884911] usb usb2: Product: xHCI Host Controller
2026-01-03T14:29:52.350716+00:00 raspberrypi kernel: [    0.884915] usb usb2: Manufacturer: Linux 6.12.47+rpt-rpi-v8 xhci-hcd
2026-01-03T14:29:52.350718+00:00 raspberrypi kernel: [    0.884918] usb usb2: SerialNumber: 0000:01:00.0
2026-01-03T14:29:52.350719+00:00 raspberrypi kernel: [    0.885093] hub 2-0:1.0: USB hub found
2026-01-03T14:29:52.350721+00:00 raspberrypi kernel: [    0.885109] hub 2-0:1.0: 4 ports detected
2026-01-03T14:29:52.350722+00:00 raspberrypi kernel: [    0.885495] dwc_otg: version 3.00a 10-AUG-2012 (platform bus)
2026-01-03T14:29:52.350737+00:00 raspberrypi kernel: [    0.885536] dwc_otg: FIQ enabled
2026-01-03T14:29:52.350740+00:00 raspberrypi kernel: [    0.885539] dwc_otg: NAK holdoff enabled
2026-01-03T14:29:52.350741+00:00 raspberrypi kernel: [    0.885541] dwc_otg: FIQ split-transaction FSM enabled
2026-01-03T14:29:52.350743+00:00 raspberrypi kernel: [    0.885545] Module dwc_common_port init
2026-01-03T14:29:52.350744+00:00 raspberrypi kernel: [    0.886005] usbcore: registered new interface driver uas
2026-01-03T14:29:52.350746+00:00 raspberrypi kernel: [    0.886034] usbcore: registered new interface driver usb-storage
2026-01-03T14:29:52.350762+00:00 raspberrypi kernel: [    0.886231] mousedev: PS/2 mouse device common for all mice
2026-01-03T14:29:52.350765+00:00 raspberrypi kernel: [    0.887695] sdhci: Secure Digital Host Controller Interface driver
2026-01-03T14:29:52.350767+00:00 raspberrypi kernel: [    0.887706] sdhci: Copyright(c) Pierre Ossman
2026-01-03T14:29:52.350768+00:00 raspberrypi kernel: [    0.887791] sdhci-pltfm: SDHCI platform and OF driver helper
2026-01-03T14:29:52.350769+00:00 raspberrypi kernel: [    0.887938] hid: raw HID events driver (C) Jiri Kosina
2026-01-03T14:29:52.350770+00:00 raspberrypi kernel: [    0.888000] usbcore: registered new interface driver usbhid
2026-01-03T14:29:52.350772+00:00 raspberrypi kernel: [    0.888003] usbhid: USB HID core driver
2026-01-03T14:29:52.350786+00:00 raspberrypi kernel: [    0.891235] hw perfevents: enabled with armv8_cortex_a72 PMU driver, 7 (0,8000003f) counters available
2026-01-03T14:29:52.350790+00:00 raspberrypi kernel: [    0.891819] NET: Registered PF_PACKET protocol family
2026-01-03T14:29:52.350791+00:00 raspberrypi kernel: [    0.891865] Key type dns_resolver registered
2026-01-03T14:29:52.350793+00:00 raspberrypi kernel: [    0.901407] registered taskstats version 1
2026-01-03T14:29:52.350794+00:00 raspberrypi kernel: [    0.901554] Loading compiled-in X.509 certificates
2026-01-03T14:29:52.350795+00:00 raspberrypi kernel: [    0.905089] Demotion targets for Node 0: null
2026-01-03T14:29:52.350809+00:00 raspberrypi kernel: [    0.905100] Demotion targets for Node 1: null
2026-01-03T14:29:52.350812+00:00 raspberrypi kernel: [    0.905568] Key type .fscrypt registered
2026-01-03T14:29:52.350813+00:00 raspberrypi kernel: [    0.905572] Key type fscrypt-provisioning registered
2026-01-03T14:29:52.350815+00:00 raspberrypi kernel: [    0.908927] uart-pl011 fe201000.serial: there is not valid maps for state default
2026-01-03T14:29:52.350816+00:00 raspberrypi kernel: [    0.909134] uart-pl011 fe201000.serial: cts_event_workaround enabled
2026-01-03T14:29:52.350818+00:00 raspberrypi kernel: [    0.909319] fe201000.serial: ttyAMA1 at MMIO 0xfe201000 (irq = 39, base_baud = 0) is a PL011 rev3
2026-01-03T14:29:52.350832+00:00 raspberrypi kernel: [    0.909426] serial serial0: tty port ttyAMA1 registered
2026-01-03T14:29:52.350835+00:00 raspberrypi kernel: [    0.910553] bcm2835-wdt bcm2835-wdt: Broadcom BCM2835 watchdog timer
2026-01-03T14:29:52.350836+00:00 raspberrypi kernel: [    0.910853] bcm2835-power bcm2835-power: Broadcom BCM2835 power domains driver
2026-01-03T14:29:52.350838+00:00 raspberrypi kernel: [    0.911408] mmc-bcm2835 fe300000.mmcnr: mmc_debug:0 mmc_debug2:0
2026-01-03T14:29:52.350839+00:00 raspberrypi kernel: [    0.911416] mmc-bcm2835 fe300000.mmcnr: DMA channel allocated
2026-01-03T14:29:52.350841+00:00 raspberrypi kernel: [    0.935978] of_cfs_init
2026-01-03T14:29:52.350842+00:00 raspberrypi kernel: [    0.936048] of_cfs_init: OK
2026-01-03T14:29:52.350858+00:00 raspberrypi kernel: [    0.937013] clk: Disabling unused clocks
2026-01-03T14:29:52.350861+00:00 raspberrypi kernel: [    0.937297] PM: genpd: Disabling unused power domains
2026-01-03T14:29:52.350863+00:00 raspberrypi kernel: [    0.976412] mmc0: SDHCI controller on fe340000.mmc [fe340000.mmc] using ADMA
2026-01-03T14:29:52.350864+00:00 raspberrypi kernel: [    0.981737] Freeing unused kernel memory: 5440K
2026-01-03T14:29:52.350867+00:00 raspberrypi kernel: [    0.981846] Run /init as init process
2026-01-03T14:29:52.350868+00:00 raspberrypi kernel: [    0.981849]   with arguments:
2026-01-03T14:29:52.350883+00:00 raspberrypi kernel: [    0.981852]     /init
2026-01-03T14:29:52.350886+00:00 raspberrypi kernel: [    0.981854]     splash
2026-01-03T14:29:52.350887+00:00 raspberrypi kernel: [    0.981856]   with environment:
2026-01-03T14:29:52.350889+00:00 raspberrypi kernel: [    0.981858]     HOME=/
2026-01-03T14:29:52.350890+00:00 raspberrypi kernel: [    0.981861]     TERM=linux
2026-01-03T14:29:52.350891+00:00 raspberrypi kernel: [    1.019601] mmc1: new high speed SDIO card at address 0001
2026-01-03T14:29:52.350893+00:00 raspberrypi kernel: [    1.097242] mmc0: new ultra high speed DDR50 SDXC card at address aaaa
2026-01-03T14:29:52.350907+00:00 raspberrypi kernel: [    1.097853] mmcblk0: mmc0:aaaa SN128 119 GiB
2026-01-03T14:29:52.350910+00:00 raspberrypi kernel: [    1.103452]  mmcblk0: p1 p2
2026-01-03T14:29:52.350911+00:00 raspberrypi kernel: [    1.103787] mmcblk0: mmc0:aaaa SN128 119 GiB (quirks 0x00004000)
2026-01-03T14:29:52.350913+00:00 raspberrypi kernel: [    1.135454] usb 1-1: new high-speed USB device number 2 using xhci_hcd
2026-01-03T14:29:52.350914+00:00 raspberrypi kernel: [    1.217729] brcmstb-i2c fef04500.i2c:  @97500hz registered in polling mode
2026-01-03T14:29:52.350916+00:00 raspberrypi kernel: [    1.218365] v3d fec00000.v3d: [drm] Transparent Hugepage support is recommended for optimal performance on this platform!
2026-01-03T14:29:52.350930+00:00 raspberrypi kernel: [    1.225024] [drm] Initialized v3d 1.0.0 for fec00000.v3d on minor 0
2026-01-03T14:29:52.350933+00:00 raspberrypi kernel: [    1.242997] brcmstb-i2c fef09500.i2c:  @97500hz registered in polling mode
2026-01-03T14:29:52.350934+00:00 raspberrypi kernel: [    1.243749] Console: switching to colour dummy device 80x25
2026-01-03T14:29:52.350936+00:00 raspberrypi kernel: [    1.274074] usb 1-1: New USB device found, idVendor=2109, idProduct=3431, bcdDevice= 4.21
2026-01-03T14:29:52.350937+00:00 raspberrypi kernel: [    1.274094] usb 1-1: New USB device strings: Mfr=0, Product=1, SerialNumber=0
2026-01-03T14:29:52.350938+00:00 raspberrypi kernel: [    1.274099] usb 1-1: Product: USB2.0 Hub
2026-01-03T14:29:52.350952+00:00 raspberrypi kernel: [    1.275918] hub 1-1:1.0: USB hub found
2026-01-03T14:29:52.350955+00:00 raspberrypi kernel: [    1.276199] hub 1-1:1.0: 4 ports detected
2026-01-03T14:29:52.350956+00:00 raspberrypi kernel: [    1.278007] vc4-drm gpu: bound fe400000.hvs (ops vc4_hvs_ops [vc4])
2026-01-03T14:29:52.350958+00:00 raspberrypi kernel: [    1.281130] Registered IR keymap rc-cec
2026-01-03T14:29:52.350959+00:00 raspberrypi kernel: [    1.281225] rc rc0: vc4-hdmi-0 as /devices/platform/soc/fef00700.hdmi/rc/rc0
2026-01-03T14:29:52.350961+00:00 raspberrypi kernel: [    1.282077] input: vc4-hdmi-0 as /devices/platform/soc/fef00700.hdmi/rc/rc0/input0
2026-01-03T14:29:52.350962+00:00 raspberrypi kernel: [    1.285005] input: vc4-hdmi-0 HDMI Jack as /devices/platform/soc/fef00700.hdmi/sound/card0/input1
2026-01-03T14:29:52.350976+00:00 raspberrypi kernel: [    1.286898] vc4-drm gpu: bound fef00700.hdmi (ops vc4_hdmi_ops [vc4])
2026-01-03T14:29:52.350979+00:00 raspberrypi kernel: [    1.289480] Registered IR keymap rc-cec
2026-01-03T14:29:52.350981+00:00 raspberrypi kernel: [    1.289572] rc rc1: vc4-hdmi-1 as /devices/platform/soc/fef05700.hdmi/rc/rc1
2026-01-03T14:29:52.350982+00:00 raspberrypi kernel: [    1.289685] input: vc4-hdmi-1 as /devices/platform/soc/fef05700.hdmi/rc/rc1/input2
2026-01-03T14:29:52.350984+00:00 raspberrypi kernel: [    1.292428] input: vc4-hdmi-1 HDMI Jack as /devices/platform/soc/fef05700.hdmi/sound/card1/input3
2026-01-03T14:29:52.350986+00:00 raspberrypi kernel: [    1.293177] vc4-drm gpu: bound fef05700.hdmi (ops vc4_hdmi_ops [vc4])
2026-01-03T14:29:52.351001+00:00 raspberrypi kernel: [    1.294167] vc4-drm gpu: bound fe004000.txp (ops vc4_txp_ops [vc4])
2026-01-03T14:29:52.351004+00:00 raspberrypi kernel: [    1.294334] vc4-drm gpu: bound fe206000.pixelvalve (ops vc4_crtc_ops [vc4])
2026-01-03T14:29:52.351005+00:00 raspberrypi kernel: [    1.294453] vc4-drm gpu: bound fe207000.pixelvalve (ops vc4_crtc_ops [vc4])
2026-01-03T14:29:52.351007+00:00 raspberrypi kernel: [    1.294588] vc4-drm gpu: bound fe20a000.pixelvalve (ops vc4_crtc_ops [vc4])
2026-01-03T14:29:52.351009+00:00 raspberrypi kernel: [    1.294659] vc4-drm gpu: bound fe216000.pixelvalve (ops vc4_crtc_ops [vc4])
2026-01-03T14:29:52.351010+00:00 raspberrypi kernel: [    1.294770] vc4-drm gpu: bound fec12000.pixelvalve (ops vc4_crtc_ops [vc4])
2026-01-03T14:29:52.351024+00:00 raspberrypi kernel: [    1.297036] [drm] Initialized vc4 0.0.0 for gpu on minor 1
2026-01-03T14:29:52.351027+00:00 raspberrypi kernel: [    1.374267] Console: switching to colour frame buffer device 240x67
2026-01-03T14:29:52.351028+00:00 raspberrypi kernel: [    1.392799] vc4-drm gpu: [drm] fb0: vc4drmfb frame buffer device
2026-01-03T14:29:52.351030+00:00 raspberrypi kernel: [    1.703489] usb 1-1.1: new full-speed USB device number 3 using xhci_hcd
2026-01-03T14:29:52.351031+00:00 raspberrypi kernel: [    1.795129] usb 1-1.1: New USB device found, idVendor=1a34, idProduct=f517, bcdDevice= 1.00
2026-01-03T14:29:52.351033+00:00 raspberrypi kernel: [    1.795146] usb 1-1.1: New USB device strings: Mfr=0, Product=2, SerialNumber=0
2026-01-03T14:29:52.351034+00:00 raspberrypi kernel: [    1.795150] usb 1-1.1: Product: Receiver Update
2026-01-03T14:29:52.351047+00:00 raspberrypi kernel: [    1.801980] hid-generic 0003:1A34:F517.0001: hiddev96,hidraw0: USB HID v1.11 Device [Receiver Update] on usb-0000:01:00.0-1.1/input0
2026-01-03T14:29:52.351050+00:00 raspberrypi kernel: [    1.875450] usb 1-1.3: new full-speed USB device number 4 using xhci_hcd
2026-01-03T14:29:52.351052+00:00 raspberrypi kernel: [    1.926265] EXT4-fs (mmcblk0p2): mounted filesystem d6ecfcd5-2703-41bf-9301-10c403b6fb0c ro with ordered data mode. Quota mode: none.
2026-01-03T14:29:52.351053+00:00 raspberrypi kernel: [    1.984180] usb 1-1.3: New USB device found, idVendor=046d, idProduct=c534, bcdDevice=51.00
2026-01-03T14:29:52.351135+00:00 raspberrypi kernel: [    1.984198] usb 1-1.3: New USB device strings: Mfr=1, Product=2, SerialNumber=0
2026-01-03T14:29:52.351137+00:00 raspberrypi kernel: [    1.984203] usb 1-1.3: Product: USB Receiver
2026-01-03T14:29:52.351157+00:00 raspberrypi kernel: [    1.984208] usb 1-1.3: Manufacturer: Logitech
2026-01-03T14:29:52.351161+00:00 raspberrypi kernel: [    1.998498] input: Logitech USB Receiver as /devices/platform/scb/fd500000.pcie/pci0000:00/0000:00:00.0/0000:01:00.0/usb1/1-1/1-1.3/1-1.3:1.0/0003:046D:C534.0002/input/input4
2026-01-03T14:29:52.351163+00:00 raspberrypi kernel: [    2.123614] hid-generic 0003:046D:C534.0002: input,hidraw1: USB HID v1.11 Keyboard [Logitech USB Receiver] on usb-0000:01:00.0-1.3/input0
2026-01-03T14:29:52.351165+00:00 raspberrypi kernel: [    2.597718] NET: Registered PF_INET6 protocol family
2026-01-03T14:29:52.351167+00:00 raspberrypi kernel: [    2.598408] Segment Routing with IPv6
2026-01-03T14:29:52.351168+00:00 raspberrypi kernel: [    2.598428] In-situ OAM (IOAM) with IPv6
2026-01-03T14:29:52.351187+00:00 raspberrypi kernel: [    3.330802] device-mapper: ioctl: 4.48.0-ioctl (2023-03-01) initialised: dm-devel@lists.linux.dev
2026-01-03T14:29:52.351191+00:00 raspberrypi kernel: [    3.342468] fuse: init (API version 7.41)
2026-01-03T14:29:52.351194+00:00 raspberrypi kernel: [    3.432301] i2c_dev: i2c /dev entries driver
2026-01-03T14:29:52.351196+00:00 raspberrypi kernel: [    3.436064] EXT4-fs (mmcblk0p2): re-mounted d6ecfcd5-2703-41bf-9301-10c403b6fb0c r/w.
2026-01-03T14:29:52.351281+00:00 raspberrypi kernel: [    4.389210] snd_bcm2835: module is from the staging directory, the quality is unknown, you have been warned.
2026-01-03T14:29:52.351283+00:00 raspberrypi kernel: [    4.395310] mc: Linux media interface: v0.10
2026-01-03T14:29:52.351303+00:00 raspberrypi kernel: [    4.440959] rpi-gpiomem fe200000.gpiomem: window base 0xfe200000 size 0x00001000
2026-01-03T14:29:52.351307+00:00 raspberrypi kernel: [    4.443062] rpi-gpiomem fe200000.gpiomem: initialised 1 regions as /dev/gpiomem
2026-01-03T14:29:52.351308+00:00 raspberrypi kernel: [    4.451059] videodev: Linux video capture interface: v2.00
2026-01-03T14:29:52.351310+00:00 raspberrypi kernel: [    4.469103] bcm2835-audio bcm2835-audio: card created with 8 channels
2026-01-03T14:29:52.351312+00:00 raspberrypi kernel: [    4.540396] vc_sm_cma: module is from the staging directory, the quality is unknown, you have been warned.
2026-01-03T14:29:52.351314+00:00 raspberrypi kernel: [    4.541176] bcm2835_vc_sm_cma_probe: Videocore shared memory driver
2026-01-03T14:29:52.351328+00:00 raspberrypi kernel: [    4.541197] [vc_sm_connected_init]: start
2026-01-03T14:29:52.351331+00:00 raspberrypi kernel: [    4.542426] [vc_sm_connected_init]: installed successfully
2026-01-03T14:29:52.351332+00:00 raspberrypi kernel: [    4.565299] bcm2835_mmal_vchiq: module is from the staging directory, the quality is unknown, you have been warned.
2026-01-03T14:29:52.351334+00:00 raspberrypi kernel: [    4.616569] bcm2835_v4l2: module is from the staging directory, the quality is unknown, you have been warned.
2026-01-03T14:29:52.351336+00:00 raspberrypi kernel: [    4.621428] bcm2835_isp: module is from the staging directory, the quality is unknown, you have been warned.
2026-01-03T14:29:52.351338+00:00 raspberrypi kernel: [    4.641589] bcm2835_codec: module is from the staging directory, the quality is unknown, you have been warned.
2026-01-03T14:29:52.351351+00:00 raspberrypi kernel: [    4.659250] rpi-hevc-dec feb00000.codec: Device registered as /dev/video19
2026-01-03T14:29:52.351354+00:00 raspberrypi kernel: [    4.659495] bcm2835-codec bcm2835-codec: Device registered as /dev/video10
2026-01-03T14:29:52.351355+00:00 raspberrypi kernel: [    4.659515] bcm2835-codec bcm2835-codec: Loaded V4L2 decode
2026-01-03T14:29:52.351357+00:00 raspberrypi kernel: [    4.666842] bcm2835-isp bcm2835-isp: Device node output[0] registered as /dev/video13
2026-01-03T14:29:52.351359+00:00 raspberrypi kernel: [    4.668205] bcm2835-isp bcm2835-isp: Device node capture[0] registered as /dev/video14
2026-01-03T14:29:52.351360+00:00 raspberrypi kernel: [    4.668606] bcm2835-isp bcm2835-isp: Device node capture[1] registered as /dev/video15
2026-01-03T14:29:52.351373+00:00 raspberrypi kernel: [    4.670868] bcm2835-isp bcm2835-isp: Device node stats[2] registered as /dev/video16
2026-01-03T14:29:52.351376+00:00 raspberrypi kernel: [    4.670892] bcm2835-isp bcm2835-isp: Register output node 0 with media controller
2026-01-03T14:29:52.351377+00:00 raspberrypi kernel: [    4.670900] bcm2835-isp bcm2835-isp: Register capture node 1 with media controller
2026-01-03T14:29:52.351378+00:00 raspberrypi kernel: [    4.670905] bcm2835-isp bcm2835-isp: Register capture node 2 with media controller
2026-01-03T14:29:52.351379+00:00 raspberrypi kernel: [    4.670910] bcm2835-isp bcm2835-isp: Register capture node 3 with media controller
2026-01-03T14:29:52.351381+00:00 raspberrypi kernel: [    4.679983] bcm2835-codec bcm2835-codec: Device registered as /dev/video11
2026-01-03T14:29:52.351394+00:00 raspberrypi kernel: [    4.680019] bcm2835-codec bcm2835-codec: Loaded V4L2 encode
2026-01-03T14:29:52.351397+00:00 raspberrypi kernel: [    4.695536] bcm2835-isp bcm2835-isp: Device node output[0] registered as /dev/video20
2026-01-03T14:29:52.351399+00:00 raspberrypi kernel: [    4.699031] bcm2835-isp bcm2835-isp: Device node capture[0] registered as /dev/video21
2026-01-03T14:29:52.351400+00:00 raspberrypi kernel: [    4.699785] bcm2835-codec bcm2835-codec: Device registered as /dev/video12
2026-01-03T14:29:52.351401+00:00 raspberrypi kernel: [    4.699817] bcm2835-codec bcm2835-codec: Loaded V4L2 isp
2026-01-03T14:29:52.351403+00:00 raspberrypi kernel: [    4.702406] bcm2835-isp bcm2835-isp: Device node capture[1] registered as /dev/video22
2026-01-03T14:29:52.351404+00:00 raspberrypi kernel: [    4.702745] bcm2835-isp bcm2835-isp: Device node stats[2] registered as /dev/video23
2026-01-03T14:29:52.351420+00:00 raspberrypi kernel: [    4.702774] bcm2835-isp bcm2835-isp: Register output node 0 with media controller
2026-01-03T14:29:52.351423+00:00 raspberrypi kernel: [    4.702786] bcm2835-isp bcm2835-isp: Register capture node 1 with media controller
2026-01-03T14:29:52.351424+00:00 raspberrypi kernel: [    4.702791] bcm2835-isp bcm2835-isp: Register capture node 2 with media controller
2026-01-03T14:29:52.351426+00:00 raspberrypi kernel: [    4.702802] bcm2835-isp bcm2835-isp: Register capture node 3 with media controller
2026-01-03T14:29:52.351427+00:00 raspberrypi kernel: [    4.703397] bcm2835-isp bcm2835-isp: Loaded V4L2 bcm2835-isp
2026-01-03T14:29:52.351429+00:00 raspberrypi kernel: [    4.706010] bcm2835-codec bcm2835-codec: Device registered as /dev/video18
2026-01-03T14:29:52.351456+00:00 raspberrypi kernel: [    4.706038] bcm2835-codec bcm2835-codec: Loaded V4L2 image_fx
2026-01-03T14:29:52.351460+00:00 raspberrypi kernel: [    4.723761] bcm2835-codec bcm2835-codec: Device registered as /dev/video31
2026-01-03T14:29:52.351461+00:00 raspberrypi kernel: [    4.723792] bcm2835-codec bcm2835-codec: Loaded V4L2 encode_image
2026-01-03T14:29:52.351462+00:00 raspberrypi kernel: [    4.819394] Bluetooth: Core ver 2.22
2026-01-03T14:29:52.351464+00:00 raspberrypi kernel: [    4.819661] NET: Registered PF_BLUETOOTH protocol family
2026-01-03T14:29:52.351465+00:00 raspberrypi kernel: [    4.819669] Bluetooth: HCI device and connection manager initialized
2026-01-03T14:29:52.351467+00:00 raspberrypi kernel: [    4.819683] Bluetooth: HCI socket layer initialized
2026-01-03T14:29:52.351481+00:00 raspberrypi kernel: [    4.819690] Bluetooth: L2CAP socket layer initialized
2026-01-03T14:29:52.351484+00:00 raspberrypi kernel: [    4.819700] Bluetooth: SCO socket layer initialized
2026-01-03T14:29:52.351485+00:00 raspberrypi kernel: [    4.834908] Bluetooth: HCI UART driver ver 2.3
2026-01-03T14:29:52.351487+00:00 raspberrypi kernel: [    4.834922] Bluetooth: HCI UART protocol H4 registered
2026-01-03T14:29:52.351489+00:00 raspberrypi kernel: [    4.835159] Bluetooth: HCI UART protocol Three-wire (H5) registered
2026-01-03T14:29:52.351490+00:00 raspberrypi kernel: [    4.835576] Bluetooth: HCI UART protocol Broadcom registered
2026-01-03T14:29:52.351503+00:00 raspberrypi kernel: [    4.836796] hci_uart_bcm serial0-0: supply vbat not found, using dummy regulator
2026-01-03T14:29:52.351506+00:00 raspberrypi kernel: [    4.836917] hci_uart_bcm serial0-0: supply vddio not found, using dummy regulator
2026-01-03T14:29:52.351507+00:00 raspberrypi kernel: [    4.877325] cfg80211: Loading compiled-in X.509 certificates for regulatory database
2026-01-03T14:29:52.351509+00:00 raspberrypi kernel: [    4.896242] Loaded X.509 cert 'benh@debian.org: 577e021cb980e0e820821ba7b54b4961b8b4fadf'
2026-01-03T14:29:52.351510+00:00 raspberrypi kernel: [    4.896616] Loaded X.509 cert 'romain.perier@gmail.com: 3abbc6ec146e09d1b6016ab9d6cf71dd233f0328'
2026-01-03T14:29:52.351512+00:00 raspberrypi kernel: [    4.896961] Loaded X.509 cert 'sforshee: 00b28ddf47aef9cea7'
2026-01-03T14:29:52.351526+00:00 raspberrypi kernel: [    4.897292] Loaded X.509 cert 'wens: 61c038651aabdcf94bd0ac7ff06c7248db18c600'
2026-01-03T14:29:52.351529+00:00 raspberrypi kernel: [    5.112518] brcmfmac: F1 signature read @0x18000000=0x15264345
2026-01-03T14:29:52.351530+00:00 raspberrypi kernel: [    5.116022] brcmfmac: brcmf_fw_alloc_request: using brcm/brcmfmac43455-sdio for chip BCM4345/6
2026-01-03T14:29:52.351531+00:00 raspberrypi kernel: [    5.116325] usbcore: registered new interface driver brcmfmac
2026-01-03T14:29:52.351534+00:00 raspberrypi kernel: [    5.191984] Bluetooth: hci0: BCM: chip id 107
2026-01-03T14:29:52.351535+00:00 raspberrypi kernel: [    5.192242] Bluetooth: hci0: BCM: features 0x2f
2026-01-03T14:29:52.351537+00:00 raspberrypi kernel: [    5.193369] Bluetooth: hci0: BCM4345C0
2026-01-03T14:29:52.351552+00:00 raspberrypi kernel: [    5.193390] Bluetooth: hci0: BCM4345C0 (003.001.025) build 0000
2026-01-03T14:29:52.351555+00:00 raspberrypi kernel: [    5.197560] Bluetooth: hci0: BCM4345C0 'brcm/BCM4345C0.raspberrypi,4-model-b.hcd' Patch
2026-01-03T14:29:52.351557+00:00 raspberrypi kernel: [    5.370897] brcmfmac: brcmf_c_process_txcap_blob: no txcap_blob available (err=-2)
2026-01-03T14:29:52.351558+00:00 raspberrypi kernel: [    5.371417] brcmfmac: brcmf_c_preinit_dcmds: Firmware: BCM4345/6 wl0: Aug 29 2023 01:47:08 version 7.45.265 (28bca26 CY) FWID 01-b677b91b
2026-01-03T14:29:52.351560+00:00 raspberrypi kernel: [    5.761940] Adding 524284k swap on /var/swap.  Priority:-2 extents:3 across:5185536k SS
2026-01-03T14:29:52.351562+00:00 raspberrypi kernel: [    5.940162] Bluetooth: hci0: BCM: features 0x2f
2026-01-03T14:29:52.351574+00:00 raspberrypi kernel: [    5.941464] Bluetooth: hci0: BCM43455 37.4MHz Raspberry Pi 3+-0190
2026-01-03T14:29:52.351577+00:00 raspberrypi kernel: [    5.941469] Bluetooth: hci0: BCM4345C0 (003.001.025) build 0382
2026-01-03T14:29:52.351579+00:00 raspberrypi kernel: [    5.960218] Bluetooth: BNEP (Ethernet Emulation) ver 1.3
2026-01-03T14:29:52.351580+00:00 raspberrypi kernel: [    5.960236] Bluetooth: BNEP filters: protocol multicast
2026-01-03T14:29:52.351582+00:00 raspberrypi kernel: [    5.960248] Bluetooth: BNEP socket layer initialized
2026-01-03T14:29:52.351583+00:00 raspberrypi kernel: [    5.964796] Bluetooth: MGMT ver 1.23
2026-01-03T14:29:52.351595+00:00 raspberrypi kernel: [    5.977749] NET: Registered PF_ALG protocol family
2026-01-03T14:29:52.351598+00:00 raspberrypi kernel: [    7.154634] input: Logitech USB Receiver Mouse as /devices/platform/scb/fd500000.pcie/pci0000:00/0000:00:00.0/0000:01:00.0/usb1/1-1/1-1.3/1-1.3:1.1/0003:046D:C534.0003/input/input5
2026-01-03T14:29:52.351600+00:00 raspberrypi kernel: [    7.154896] input: Logitech USB Receiver Consumer Control as /devices/platform/scb/fd500000.pcie/pci0000:00/0000:00:00.0/0000:01:00.0/usb1/1-1/1-1.3/1-1.3:1.1/0003:046D:C534.0003/input/input6
2026-01-03T14:29:52.351602+00:00 raspberrypi kernel: [    7.207697] input: Logitech USB Receiver System Control as /devices/platform/scb/fd500000.pcie/pci0000:00/0000:00:00.0/0000:01:00.0/usb1/1-1/1-1.3/1-1.3:1.1/0003:046D:C534.0003/input/input7
2026-01-03T14:29:52.351604+00:00 raspberrypi kernel: [    7.208182] hid-generic 0003:046D:C534.0003: input,hiddev97,hidraw2: USB HID v1.11 Mouse [Logitech USB Receiver] on usb-0000:01:00.0-1.3/input1
2026-01-03T14:29:52.351606+00:00 raspberrypi kernel: [    7.472071] bcmgenet fd580000.ethernet: configuring instance for external RGMII (RX delay)
2026-01-03T14:29:52.351619+00:00 raspberrypi kernel: [    7.472926] bcmgenet fd580000.ethernet eth0: Link is Down
2026-01-03T14:29:52.351622+00:00 raspberrypi kernel: [    7.510071] brcmfmac: brcmf_cfg80211_set_power_mgmt: power save enabled
2026-01-03T14:29:52.351623+00:00 raspberrypi kernel: [    7.602151] logitech-djreceiver 0003:046D:C534.0002: hidraw1: USB HID v1.11 Keyboard [Logitech USB Receiver] on usb-0000:01:00.0-1.3/input0
2026-01-03T14:29:52.351625+00:00 raspberrypi kernel: [    7.803680] logitech-djreceiver 0003:046D:C534.0003: hiddev97,hidraw2: USB HID v1.11 Mouse [Logitech USB Receiver] on usb-0000:01:00.0-1.3/input1
2026-01-03T14:29:52.351627+00:00 raspberrypi kernel: [    7.872071] logitech-djreceiver 0003:046D:C534.0003: device of type eQUAD nano Lite (0x0a) connected on slot 1
2026-01-03T14:29:52.351640+00:00 raspberrypi kernel: [    7.874316] input: Logitech Wireless Keyboard PID:4023 Keyboard as /devices/platform/scb/fd500000.pcie/pci0000:00/0000:00:00.0/0000:01:00.0/usb1/1-1/1-1.3/1-1.3:1.1/0003:046D:C534.0003/0003:046D:4023.0004/input/input10
2026-01-03T14:29:52.351643+00:00 raspberrypi kernel: [    7.888070] logitech-djreceiver 0003:046D:C534.0003: device of type eQUAD nano Lite (0x0a) connected on slot 2
2026-01-03T14:29:52.351671+00:00 raspberrypi kernel: [    7.951744] hid-generic 0003:046D:4023.0004: input,hidraw3: USB HID v1.11 Keyboard [Logitech Wireless Keyboard PID:4023] on usb-0000:01:00.0-1.3/input1:1
2026-01-03T14:29:52.351673+00:00 raspberrypi kernel: [    7.952704] input: Logitech Wireless Mouse PID:4091 Mouse as /devices/platform/scb/fd500000.pcie/pci0000:00/0000:00:00.0/0000:01:00.0/usb1/1-1/1-1.3/1-1.3:1.1/0003:046D:C534.0003/0003:046D:4091.0005/input/input15
2026-01-03T14:29:52.351675+00:00 raspberrypi kernel: [    7.953130] input: Logitech Wireless Mouse PID:4091 Consumer Control as /devices/platform/scb/fd500000.pcie/pci0000:00/0000:00:00.0/0000:01:00.0/usb1/1-1/1-1.3/1-1.3:1.1/0003:046D:C534.0003/0003:046D:4091.0005/input/input16
2026-01-03T14:29:52.351692+00:00 raspberrypi kernel: [    7.953541] hid-generic 0003:046D:4091.0005: input,hidraw4: USB HID v1.11 Mouse [Logitech Wireless Mouse PID:4091] on usb-0000:01:00.0-1.3/input1:2
2026-01-03T14:29:52.351695+00:00 raspberrypi kernel: [    8.272576] input: Logitech Wireless Keyboard PID:4023 as /devices/platform/scb/fd500000.pcie/pci0000:00/0000:00:00.0/0000:01:00.0/usb1/1-1/1-1.3/1-1.3:1.1/0003:046D:C534.0003/0003:046D:4023.0004/input/input20
2026-01-03T14:29:52.351696+00:00 raspberrypi kernel: [    8.355937] logitech-hidpp-device 0003:046D:4023.0004: input,hidraw3: USB HID v1.11 Keyboard [Logitech Wireless Keyboard PID:4023] on usb-0000:01:00.0-1.3/input1:1
2026-01-03T14:29:52.351698+00:00 raspberrypi kernel: [    8.400228] logitech-hidpp-device 0003:046D:4023.0004: hidpp_root_get_protocol_version: received protocol error 0x08
2026-01-03T14:29:52.351700+00:00 raspberrypi kernel: [    8.512549] input: Logitech Wireless Mouse as /devices/platform/scb/fd500000.pcie/pci0000:00/0000:00:00.0/0000:01:00.0/usb1/1-1/1-1.3/1-1.3:1.1/0003:046D:C534.0003/0003:046D:4091.0005/input/input21
2026-01-03T14:29:52.351717+00:00 raspberrypi kernel: [    8.513272] logitech-hidpp-device 0003:046D:4091.0005: input,hidraw4: USB HID v1.11 Mouse [Logitech Wireless Mouse] on usb-0000:01:00.0-1.3/input1:2
2026-01-03T14:29:52.351720+00:00 raspberrypi kernel: [    8.560241] logitech-hidpp-device 0003:046D:4091.0005: hidpp_root_get_protocol_version: received protocol error 0x08
2026-01-03T14:29:52.351722+00:00 raspberrypi kernel: [   11.574315] Bluetooth: RFCOMM TTY layer initialized
2026-01-03T14:29:52.351723+00:00 raspberrypi kernel: [   11.574353] Bluetooth: RFCOMM socket layer initialized
2026-01-03T14:29:52.351725+00:00 raspberrypi kernel: [   11.574369] Bluetooth: RFCOMM ver 1.11
2026-01-03T14:29:52.351727+00:00 raspberrypi kernel: [   14.865163] logitech-hidpp-device 0003:046D:4091.0005: HID++ 4.5 device connected.
2026-01-03T14:29:52.351740+00:00 raspberrypi kernel: [   44.597524] logitech-hidpp-device 0003:046D:4023.0004: HID++ 2.0 device connected.
2026-01-03T14:29:52.351743+00:00 raspberrypi kernel: [  205.752569] warning: `ThreadPoolForeg' uses wireless extensions which will stop working for Wi-Fi 7 hardware; use nl80211
2026-01-03T14:29:52.351745+00:00 raspberrypi kernel: [  219.267533] ieee80211 phy0: brcmf_p2p_send_action_frame: Unknown Frame: category 0xa, action 0x8
2026-01-03T14:29:52.351746+00:00 raspberrypi kernel: [  411.947197] logitech-hidpp-device 0003:046D:4023.0004: hidpp_root_get_protocol_version: received protocol error 0x08
2026-01-03T14:31:16.147309+00:00 raspberrypi systemd[1]: Reloading.
2026-01-03T14:31:16.615635+00:00 raspberrypi systemd[1]: Starting apt-daily-upgrade.service - Daily apt upgrade and clean activities...
2026-01-03T14:31:17.966026+00:00 raspberrypi systemd[1]: apt-daily-upgrade.service: Deactivated successfully.
2026-01-03T14:31:17.966422+00:00 raspberrypi systemd[1]: Finished apt-daily-upgrade.service - Daily apt upgrade and clean activities.
2026-01-03T14:31:17.966818+00:00 raspberrypi systemd[1]: apt-daily-upgrade.service: Consumed 1.308s CPU time.
2026-01-03T14:34:18.490897+00:00 raspberrypi systemd[1]: Starting systemd-tmpfiles-clean.service - Cleanup of Temporary Directories...
2026-01-03T14:34:18.556873+00:00 raspberrypi systemd[1]: systemd-tmpfiles-clean.service: Deactivated successfully.
2026-01-03T14:34:18.557730+00:00 raspberrypi systemd[1]: Finished systemd-tmpfiles-clean.service - Cleanup of Temporary Directories.
2026-01-03T14:34:18.565637+00:00 raspberrypi systemd[1]: run-credentials-systemd\x2dtmpfiles\x2dclean.service.mount: Deactivated successfully.
2026-01-03T14:35:05.241122+00:00 raspberrypi PackageKit: daemon quit
2026-01-03T14:35:05.254529+00:00 raspberrypi systemd[1]: packagekit.service: Deactivated successfully.
2026-01-03T14:41:59.206694+00:00 raspberrypi kernel: [ 1384.986003] logitech-hidpp-device 0003:046D:4091.0005: hidpp_root_get_protocol_version: received protocol error 0x08
2026-01-03T14:48:41.255875+00:00 raspberrypi NetworkManager[609]: <info>  [1767451721.2534] dhcp6 (wlan0): state changed new lease, address=2600:1700:f7e0:ec30::48
2026-01-03T14:57:25.942673+00:00 raspberrypi kernel: [ 2311.730161] logitech-hidpp-device 0003:046D:4091.0005: hidpp_root_get_protocol_version: received protocol error 0x08
2026-01-03T15:07:06.278709+00:00 raspberrypi kernel: [ 2892.071402] logitech-hidpp-device 0003:046D:4091.0005: hidpp_root_get_protocol_version: received protocol error 0x08
2026-01-03T15:16:19.012907+00:00 raspberrypi systemd-modules-load[287]: Inserted module 'ledtrig_pattern'
2026-01-03T15:16:19.013071+00:00 raspberrypi systemd-modules-load[287]: Inserted module 'i2c_dev'
2026-01-03T15:16:19.013093+00:00 raspberrypi fake-hwclock[297]: Thu Dec  4 04:22:50 AM UTC 2025
2026-01-03T15:16:19.013105+00:00 raspberrypi systemd[1]: Finished systemd-remount-fs.service - Remount Root and Kernel File Systems.
2026-01-03T15:16:19.013114+00:00 raspberrypi systemd[1]: systemd-firstboot.service - First Boot Wizard was skipped because of an unmet condition check (ConditionFirstBoot=yes).
2026-01-03T15:16:19.013123+00:00 raspberrypi systemd[1]: Starting systemd-journal-flush.service - Flush Journal to Persistent Storage...
2026-01-03T15:16:19.013131+00:00 raspberrypi systemd[1]: systemd-pstore.service - Platform Persistent Storage Archival was skipped because of an unmet condition check (ConditionDirectoryNotEmpty=/sys/fs/pstore).
2026-01-03T15:16:19.013146+00:00 raspberrypi systemd[1]: Starting systemd-random-seed.service - Load/Save Random Seed...
2026-01-03T15:16:19.013154+00:00 raspberrypi systemd[1]: Starting systemd-sysusers.service - Create System Users...
2026-01-03T15:16:19.013161+00:00 raspberrypi systemd[1]: Finished systemd-journal-flush.service - Flush Journal to Persistent Storage.
2026-01-03T15:16:19.013169+00:00 raspberrypi systemd-sysctl[304]: Couldn't write '1' to 'kernel/unprivileged_userns_clone', ignoring: No such file or directory
2026-01-03T15:16:19.013179+00:00 raspberrypi systemd[1]: Finished systemd-sysctl.service - Apply Kernel Variables.
2026-01-03T15:16:19.013186+00:00 raspberrypi systemd[1]: Finished systemd-random-seed.service - Load/Save Random Seed.
2026-01-03T15:16:19.013200+00:00 raspberrypi systemd[1]: first-boot-complete.target - First Boot Complete was skipped because of an unmet condition check (ConditionFirstBoot=yes).
2026-01-03T15:16:19.013208+00:00 raspberrypi systemd[1]: Finished keyboard-setup.service - Set the console keyboard layout.
2026-01-03T15:16:19.013216+00:00 raspberrypi systemd[1]: Finished systemd-sysusers.service - Create System Users.
2026-01-03T15:16:19.013224+00:00 raspberrypi systemd[1]: Starting systemd-tmpfiles-setup-dev.service - Create Static Device Nodes in /dev...
2026-01-03T15:16:19.013231+00:00 raspberrypi systemd[1]: Finished systemd-udev-trigger.service - Coldplug All udev Devices.
2026-01-03T15:16:19.013239+00:00 raspberrypi systemd[1]: Finished systemd-tmpfiles-setup-dev.service - Create Static Device Nodes in /dev.
2026-01-03T15:16:19.013253+00:00 raspberrypi systemd[1]: Reached target local-fs-pre.target - Preparation for Local File Systems.
2026-01-03T15:16:19.013262+00:00 raspberrypi systemd[1]: Starting systemd-udevd.service - Rule-based Manager for Device Events and Files...
2026-01-03T15:16:19.013270+00:00 raspberrypi systemd-udevd[316]: Using default interface naming scheme 'v252'.
2026-01-03T15:16:19.013278+00:00 raspberrypi systemd[1]: Started systemd-udevd.service - Rule-based Manager for Device Events and Files.
2026-01-03T15:16:19.013286+00:00 raspberrypi systemd[1]: Starting plymouth-start.service - Show Plymouth Boot Screen...
2026-01-03T15:16:19.013294+00:00 raspberrypi systemd[1]: Started plymouth-start.service - Show Plymouth Boot Screen.
2026-01-03T15:16:19.013307+00:00 raspberrypi systemd[1]: systemd-ask-password-console.path - Dispatch Password Requests to Console Directory Watch was skipped because of an unmet condition check (ConditionPathExists=!/run/plymouth/pid).
2026-01-03T15:16:19.013316+00:00 raspberrypi systemd[1]: Started systemd-ask-password-plymouth.path - Forward Password Requests to Plymouth Directory Watch.
2026-01-03T15:16:19.013324+00:00 raspberrypi systemd[1]: Reached target cryptsetup.target - Local Encrypted Volumes.
2026-01-03T15:16:19.013332+00:00 raspberrypi systemd[1]: Found device dev-dri-card0.device - /dev/dri/card0.
2026-01-03T15:16:19.013339+00:00 raspberrypi systemd[1]: Found device dev-disk-by\x2dpartuuid-2707996d\x2d01.device - /dev/disk/by-partuuid/2707996d-01.
2026-01-03T15:16:19.013353+00:00 raspberrypi systemd[1]: Starting systemd-fsck@dev-disk-by\x2dpartuuid-2707996d\x2d01.service - File System Check on /dev/disk/by-partuuid/2707996d-01...
2026-01-03T15:16:19.013361+00:00 raspberrypi systemd[1]: Found device dev-dri-renderD128.device - /dev/dri/renderD128.
2026-01-03T15:16:19.013369+00:00 raspberrypi systemd[1]: Started systemd-fsckd.service - File System Check Daemon to report status.
2026-01-03T15:16:19.013377+00:00 raspberrypi mtp-probe: checking bus 1, device 4: "/sys/devices/platform/scb/fd500000.pcie/pci0000:00/0000:00:00.0/0000:01:00.0/usb1/1-1/1-1.3"
2026-01-03T15:16:19.013385+00:00 raspberrypi mtp-probe: bus: 1, device: 4 was not an MTP device
2026-01-03T15:16:19.013040+00:00 raspberrypi kernel: [    0.000000] Booting Linux on physical CPU 0x0000000000 [0x410fd083]
2026-01-03T15:16:19.013393+00:00 raspberrypi mtp-probe: checking bus 1, device 3: "/sys/devices/platform/scb/fd500000.pcie/pci0000:00/0000:00:00.0/0000:01:00.0/usb1/1-1/1-1.1"
2026-01-03T15:16:19.013413+00:00 raspberrypi kernel: [    0.000000] Linux version 6.12.47+rpt-rpi-v8 (serge@raspberrypi.com) (aarch64-linux-gnu-gcc-12 (Debian 12.2.0-14+deb12u1) 12.2.0, GNU ld (GNU Binutils for Debian) 2.40) #1 SMP PREEMPT Debian 1:6.12.47-1+rpt1~bookworm (2025-09-16)
2026-01-03T15:16:19.013419+00:00 raspberrypi kernel: [    0.000000] KASLR enabled
2026-01-03T15:16:19.013421+00:00 raspberrypi kernel: [    0.000000] random: crng init done
2026-01-03T15:16:19.013423+00:00 raspberrypi kernel: [    0.000000] Machine model: Raspberry Pi 4 Model B Rev 1.5
2026-01-03T15:16:19.013418+00:00 raspberrypi mtp-probe: bus: 1, device: 3 was not an MTP device
2026-01-03T15:16:19.013425+00:00 raspberrypi kernel: [    0.000000] efi: UEFI not found.
2026-01-03T15:16:19.013427+00:00 raspberrypi kernel: [    0.000000] Reserved memory: created CMA memory pool at 0x000000000dc00000, size 512 MiB
2026-01-03T15:16:19.013432+00:00 raspberrypi kernel: [    0.000000] OF: reserved mem: initialized node linux,cma, compatible id shared-dma-pool
2026-01-03T15:16:19.013429+00:00 raspberrypi (udev-worker)[322]: event2: Process '/usr/sbin/th-cmd --socket /var/run/thd.socket --passfd --udev' failed with exit code 1.
2026-01-03T15:16:19.013435+00:00 raspberrypi kernel: [    0.000000] OF: reserved mem: 0x000000000dc00000..0x000000002dbfffff (524288 KiB) map reusable linux,cma
2026-01-03T15:16:19.013437+00:00 raspberrypi kernel: [    0.000000] OF: reserved mem: 0x000000003ef73340..0x000000003ef73375 (0 KiB) nomap non-reusable nvram@0
2026-01-03T15:16:19.013439+00:00 raspberrypi kernel: [    0.000000] OF: reserved mem: 0x000000003ef73100..0x000000003ef732ff (0 KiB) nomap non-reusable nvram@1
2026-01-03T15:16:19.013441+00:00 raspberrypi kernel: [    0.000000] NUMA: Faking a node at [mem 0x0000000000000000-0x00000000fbffffff]
2026-01-03T15:16:19.013442+00:00 raspberrypi kernel: [    0.000000] Faking node 0 at [mem 0x0000000000000000-0x000000007fffffff] (2048MB)
2026-01-03T15:16:19.013440+00:00 raspberrypi (udev-worker)[326]: event0: Process '/usr/sbin/th-cmd --socket /var/run/thd.socket --passfd --udev' failed with exit code 1.
2026-01-03T15:16:19.013447+00:00 raspberrypi kernel: [    0.000000] Faking node 1 at [mem 0x0000000080000000-0x00000000fbffffff] (1984MB)
2026-01-03T15:16:19.013449+00:00 raspberrypi kernel: [    0.000000] NUMA: Initialized distance table, cnt=2
2026-01-03T15:16:19.013450+00:00 raspberrypi kernel: [    0.000000] NODE_DATA(0) allocated [mem 0x7fffd300-0x7fffffff]
2026-01-03T15:16:19.013452+00:00 raspberrypi kernel: [    0.000000] NODE_DATA(1) allocated [mem 0xfb7fa300-0xfb7fcfff]
2026-01-03T15:16:19.013449+00:00 raspberrypi (udev-worker)[333]: event3: Process '/usr/sbin/th-cmd --socket /var/run/thd.socket --passfd --udev' failed with exit code 1.
2026-01-03T15:16:19.013455+00:00 raspberrypi kernel: [    0.000000] Zone ranges:
2026-01-03T15:16:19.013457+00:00 raspberrypi kernel: [    0.000000]   DMA      [mem 0x0000000000000000-0x000000003fffffff]
2026-01-03T15:16:19.013462+00:00 raspberrypi kernel: [    0.000000]   DMA32    [mem 0x0000000040000000-0x00000000fbffffff]
2026-01-03T15:16:19.013464+00:00 raspberrypi kernel: [    0.000000]   Normal   empty
2026-01-03T15:16:19.013465+00:00 raspberrypi kernel: [    0.000000] Movable zone start for each node
2026-01-03T15:16:19.013466+00:00 raspberrypi kernel: [    0.000000] Early memory node ranges
2026-01-03T15:16:19.013459+00:00 raspberrypi (udev-worker)[336]: event1: Process '/usr/sbin/th-cmd --socket /var/run/thd.socket --passfd --udev' failed with exit code 1.
2026-01-03T15:16:19.013468+00:00 raspberrypi kernel: [    0.000000]   node   0: [mem 0x0000000000000000-0x000000003b3fffff]
2026-01-03T15:16:19.013470+00:00 raspberrypi kernel: [    0.000000]   node   0: [mem 0x0000000040000000-0x000000007fffffff]
2026-01-03T15:16:19.013472+00:00 raspberrypi kernel: [    0.000000]   node   1: [mem 0x0000000080000000-0x00000000fbffffff]
2026-01-03T15:16:19.013472+00:00 raspberrypi systemd[1]: Listening on systemd-rfkill.socket - Load/Save RF Kill Switch Status /dev/rfkill Watch.
2026-01-03T15:16:19.013477+00:00 raspberrypi kernel: [    0.000000] Initmem setup node 0 [mem 0x0000000000000000-0x000000007fffffff]
2026-01-03T15:16:19.013479+00:00 raspberrypi kernel: [    0.000000] Initmem setup node 1 [mem 0x0000000080000000-0x00000000fbffffff]
2026-01-03T15:16:19.013480+00:00 raspberrypi kernel: [    0.000000] On node 0, zone DMA32: 19456 pages in unavailable ranges
2026-01-03T15:16:19.013482+00:00 raspberrypi kernel: [    0.000000] On node 1, zone DMA32: 16384 pages in unavailable ranges
2026-01-03T15:16:19.013483+00:00 raspberrypi kernel: [    0.000000] percpu: Embedded 33 pages/cpu s95192 r8192 d31784 u135168
2026-01-03T15:16:19.013480+00:00 raspberrypi systemd-fsck[411]: fsck.fat 4.2 (2021-01-31)
2026-01-03T15:16:19.013486+00:00 raspberrypi kernel: [    0.000000] pcpu-alloc: s95192 r8192 d31784 u135168 alloc=33*4096
2026-01-03T15:16:19.013490+00:00 raspberrypi kernel: [    0.000000] pcpu-alloc: [0] 0 [0] 1 [0] 2 [0] 3 
2026-01-03T15:16:19.013490+00:00 raspberrypi systemd-fsck[411]: There are differences between boot sector and its backup.
2026-01-03T15:16:19.013492+00:00 raspberrypi kernel: [    0.000000] Detected PIPT I-cache on CPU0
2026-01-03T15:16:19.013497+00:00 raspberrypi kernel: [    0.000000] CPU features: detected: Spectre-v2
2026-01-03T15:16:19.013499+00:00 raspberrypi kernel: [    0.000000] CPU features: detected: Spectre-v3a
2026-01-03T15:16:19.013501+00:00 raspberrypi kernel: [    0.000000] CPU features: detected: Spectre-v4
2026-01-03T15:16:19.013503+00:00 raspberrypi kernel: [    0.000000] CPU features: detected: Spectre-BHB
2026-01-03T15:16:19.013499+00:00 raspberrypi systemd-fsck[411]: This is mostly harmless. Differences: (offset:original/backup)
2026-01-03T15:16:19.013505+00:00 raspberrypi kernel: [    0.000000] CPU features: kernel page table isolation forced ON by KASLR
2026-01-03T15:16:19.013510+00:00 raspberrypi kernel: [    0.000000] CPU features: detected: Kernel page table isolation (KPTI)
2026-01-03T15:16:19.013512+00:00 raspberrypi kernel: [    0.000000] CPU features: detected: ARM erratum 1742098
2026-01-03T15:16:19.013510+00:00 raspberrypi systemd-fsck[411]:   65:01/00
2026-01-03T15:16:19.013514+00:00 raspberrypi kernel: [    0.000000] CPU features: detected: ARM errata 1165522, 1319367, or 1530923
2026-01-03T15:16:19.013516+00:00 raspberrypi kernel: [    0.000000] alternatives: applying boot alternatives
2026-01-03T15:16:19.013518+00:00 raspberrypi kernel: [    0.000000] Kernel command line: coherent_pool=1M 8250.nr_uarts=0 snd_bcm2835.enable_headphones=0 cgroup_disable=memory numa_policy=interleave nvme.max_host_mem_size_mb=0 snd_bcm2835.enable_headphones=1 snd_bcm2835.enable_hdmi=1 snd_bcm2835.enable_hdmi=0  numa=fake=2 system_heap.max_order=0 smsc95xx.macaddr=2C:CF:67:0B:B6:6A vc_mem.mem_base=0x3ec00000 vc_mem.mem_size=0x40000000  console=tty1 root=PARTUUID=2707996d-02 rootfstype=ext4 fsck.repair=yes rootwait quiet splash plymouth.ignore-serial-consoles cfg80211.ieee80211_regdom=US
2026-01-03T15:16:19.013523+00:00 raspberrypi kernel: [    0.000000] cgroup: Disabling memory control group subsystem
2026-01-03T15:16:19.013517+00:00 raspberrypi systemd-fsck[411]:   Not automatically fixing this.
2026-01-03T15:16:19.013525+00:00 raspberrypi kernel: [    0.000000] mempolicy: NUMA default policy overridden to 'interleave:0-1'
2026-01-03T15:16:19.013528+00:00 raspberrypi kernel: [    0.000000] Unknown kernel command line parameters "splash", will be passed to user space.
2026-01-03T15:16:19.013530+00:00 raspberrypi kernel: [    0.000000] Fallback order for Node 0: 0 1 
2026-01-03T15:16:19.013531+00:00 raspberrypi kernel: [    0.000000] Fallback order for Node 1: 1 0 
2026-01-03T15:16:19.013533+00:00 raspberrypi kernel: [    0.000000] Built 2 zonelists, mobility grouping on.  Total pages: 1012736
2026-01-03T15:16:19.013530+00:00 raspberrypi systemd-fsck[411]: Dirty bit is set. Fs was not properly unmounted and some data may be corrupt.
2026-01-03T15:16:19.013534+00:00 raspberrypi kernel: [    0.000000] Policy zone: DMA32
2026-01-03T15:16:19.013540+00:00 raspberrypi kernel: [    0.000000] mem auto-init: stack:all(zero), heap alloc:off, heap free:off
2026-01-03T15:16:19.013539+00:00 raspberrypi systemd-fsck[411]:  Automatically removing dirty bit.
2026-01-03T15:16:19.013542+00:00 raspberrypi kernel: [    0.000000] software IO TLB: area num 4.
2026-01-03T15:16:19.013545+00:00 raspberrypi kernel: [    0.000000] software IO TLB: mapped [mem 0x0000000037400000-0x000000003b400000] (64MB)
2026-01-03T15:16:19.013547+00:00 raspberrypi kernel: [    0.000000] SLUB: HWalign=64, Order=0-3, MinObjects=0, CPUs=4, Nodes=2
2026-01-03T15:16:19.013548+00:00 raspberrypi kernel: [    0.000000] ftrace: allocating 45290 entries in 177 pages
2026-01-03T15:16:19.013550+00:00 raspberrypi kernel: [    0.000000] ftrace: allocated 177 pages with 4 groups
2026-01-03T15:16:19.013547+00:00 raspberrypi systemd-fsck[411]: *** Filesystem was changed ***
2026-01-03T15:16:19.013556+00:00 raspberrypi kernel: [    0.000000] rcu: Preemptible hierarchical RCU implementation.
2026-01-03T15:16:19.013558+00:00 raspberrypi kernel: [    0.000000] rcu: 	RCU event tracing is enabled.
2026-01-03T15:16:19.013559+00:00 raspberrypi kernel: [    0.000000] 	Trampoline variant of Tasks RCU enabled.
2026-01-03T15:16:19.013556+00:00 raspberrypi systemd-fsck[411]: Writing changes.
2026-01-03T15:16:19.013560+00:00 raspberrypi kernel: [    0.000000] 	Rude variant of Tasks RCU enabled.
2026-01-03T15:16:19.013564+00:00 raspberrypi kernel: [    0.000000] 	Tracing variant of Tasks RCU enabled.
2026-01-03T15:16:19.013566+00:00 raspberrypi kernel: [    0.000000] rcu: RCU calculated value of scheduler-enlistment delay is 25 jiffies.
2026-01-03T15:16:19.013565+00:00 raspberrypi systemd-fsck[411]: /dev/mmcblk0p1: 482 files, 40007/261115 clusters
2026-01-03T15:16:19.013570+00:00 raspberrypi kernel: [    0.000000] RCU Tasks: Setting shift to 2 and lim to 1 rcu_task_cb_adjust=1 rcu_task_cpu_ids=4.
2026-01-03T15:16:19.013573+00:00 raspberrypi kernel: [    0.000000] RCU Tasks Rude: Setting shift to 2 and lim to 1 rcu_task_cb_adjust=1 rcu_task_cpu_ids=4.
2026-01-03T15:16:19.013574+00:00 raspberrypi kernel: [    0.000000] RCU Tasks Trace: Setting shift to 2 and lim to 1 rcu_task_cb_adjust=1 rcu_task_cpu_ids=4.
2026-01-03T15:16:19.013576+00:00 raspberrypi kernel: [    0.000000] NR_IRQS: 64, nr_irqs: 64, preallocated irqs: 0
2026-01-03T15:16:19.013577+00:00 raspberrypi kernel: [    0.000000] Root IRQ handler: gic_handle_irq
2026-01-03T15:16:19.013579+00:00 raspberrypi kernel: [    0.000000] GIC: Using split EOI/Deactivate mode
2026-01-03T15:16:19.013573+00:00 raspberrypi systemd[1]: Finished systemd-fsck@dev-disk-by\x2dpartuuid-2707996d\x2d01.service - File System Check on /dev/disk/by-partuuid/2707996d-01.
2026-01-03T15:16:19.013584+00:00 raspberrypi kernel: [    0.000000] rcu: srcu_init: Setting srcu_struct sizes based on contention.
2026-01-03T15:16:19.013586+00:00 raspberrypi kernel: [    0.000000] arch_timer: cp15 timer(s) running at 54.00MHz (phys).
2026-01-03T15:16:19.013587+00:00 raspberrypi kernel: [    0.000000] clocksource: arch_sys_counter: mask: 0xffffffffffffff max_cycles: 0xc743ce346, max_idle_ns: 440795203123 ns
2026-01-03T15:16:19.013589+00:00 raspberrypi kernel: [    0.000000] sched_clock: 56 bits at 54MHz, resolution 18ns, wraps every 4398046511102ns
2026-01-03T15:16:19.013586+00:00 raspberrypi systemd[1]: Mounting boot-firmware.mount - /boot/firmware...
2026-01-03T15:16:19.013592+00:00 raspberrypi kernel: [    0.000149] Console: colour dummy device 80x25
2026-01-03T15:16:19.013594+00:00 raspberrypi kernel: [    0.000157] printk: legacy console [tty1] enabled
2026-01-03T15:16:19.013595+00:00 raspberrypi kernel: [    0.000229] Calibrating delay loop (skipped), value calculated using timer frequency.. 108.00 BogoMIPS (lpj=216000)
2026-01-03T15:16:19.013596+00:00 raspberrypi systemd[1]: Mounted boot-firmware.mount - /boot/firmware.
2026-01-03T15:16:19.013601+00:00 raspberrypi kernel: [    0.000236] pid_max: default: 32768 minimum: 301
2026-01-03T15:16:19.013602+00:00 raspberrypi kernel: [    0.000285] LSM: initializing lsm=capability
2026-01-03T15:16:19.013604+00:00 raspberrypi kernel: [    0.001749] Dentry cache hash table entries: 524288 (order: 10, 4194304 bytes, vmalloc hugepage)
2026-01-03T15:16:19.013606+00:00 raspberrypi kernel: [    0.002791] Inode-cache hash table entries: 262144 (order: 9, 2097152 bytes, vmalloc)
2026-01-03T15:16:19.013608+00:00 raspberrypi kernel: [    0.002867] Mount-cache hash table entries: 8192 (order: 4, 65536 bytes, vmalloc)
2026-01-03T15:16:19.013604+00:00 raspberrypi systemd[1]: Reached target local-fs.target - Local File Systems.
2026-01-03T15:16:19.013610+00:00 raspberrypi kernel: [    0.002907] Mountpoint-cache hash table entries: 8192 (order: 4, 65536 bytes, vmalloc)
2026-01-03T15:16:19.013615+00:00 raspberrypi kernel: [    0.004416] rcu: Hierarchical SRCU implementation.
2026-01-03T15:16:19.013616+00:00 raspberrypi kernel: [    0.004427] rcu: 	Max phase no-delay instances is 1000.
2026-01-03T15:16:19.013618+00:00 raspberrypi kernel: [    0.004560] Timer migration: 2 hierarchy levels; 8 children per group; 1 crossnode level
2026-01-03T15:16:19.013619+00:00 raspberrypi kernel: [    0.005172] EFI services will not be available.
2026-01-03T15:16:19.013614+00:00 raspberrypi systemd[1]: apparmor.service - Load AppArmor profiles was skipped because of an unmet condition check (ConditionSecurity=apparmor).
2026-01-03T15:16:19.013621+00:00 raspberrypi kernel: [    0.005335] smp: Bringing up secondary CPUs ...
2026-01-03T15:16:19.013623+00:00 raspberrypi kernel: [    0.005638] Detected PIPT I-cache on CPU1
2026-01-03T15:16:19.013625+00:00 raspberrypi systemd[1]: Starting console-setup.service - Set console font and keymap...
2026-01-03T15:16:19.013627+00:00 raspberrypi kernel: [    0.005704] CPU1: Booted secondary processor 0x0000000001 [0x410fd083]
2026-01-03T15:16:19.013633+00:00 raspberrypi kernel: [    0.006043] Detected PIPT I-cache on CPU2
2026-01-03T15:16:19.013634+00:00 raspberrypi kernel: [    0.006077] CPU2: Booted secondary processor 0x0000000002 [0x410fd083]
2026-01-03T15:16:19.013636+00:00 raspberrypi kernel: [    0.006386] Detected PIPT I-cache on CPU3
2026-01-03T15:16:19.013637+00:00 raspberrypi kernel: [    0.006421] CPU3: Booted secondary processor 0x0000000003 [0x410fd083]
2026-01-03T15:16:19.013639+00:00 raspberrypi kernel: [    0.006463] smp: Brought up 2 nodes, 4 CPUs
2026-01-03T15:16:19.013641+00:00 raspberrypi kernel: [    0.006470] SMP: Total of 4 processors activated.
2026-01-03T15:16:19.013634+00:00 raspberrypi systemd[1]: Starting plymouth-read-write.service - Tell Plymouth To Write Out Runtime Data...
2026-01-03T15:16:19.013646+00:00 raspberrypi kernel: [    0.006474] CPU: All CPU(s) started at EL2
2026-01-03T15:16:19.013648+00:00 raspberrypi kernel: [    0.006484] CPU features: detected: 32-bit EL0 Support
2026-01-03T15:16:19.013649+00:00 raspberrypi kernel: [    0.006487] CPU features: detected: 32-bit EL1 Support
2026-01-03T15:16:19.013647+00:00 raspberrypi systemd[1]: Starting systemd-binfmt.service - Set Up Additional Binary Formats...
2026-01-03T15:16:19.013652+00:00 raspberrypi kernel: [    0.006491] CPU features: detected: CRC32 instructions
2026-01-03T15:16:19.013654+00:00 raspberrypi kernel: [    0.006520] alternatives: applying system-wide alternatives
2026-01-03T15:16:19.013656+00:00 raspberrypi kernel: [    0.007364] Memory: 3324900K/4050944K available (14208K kernel code, 2406K rwdata, 4824K rodata, 5440K init, 577K bss, 186016K reserved, 524288K cma-reserved)
2026-01-03T15:16:19.013656+00:00 raspberrypi systemd[1]: systemd-machine-id-commit.service - Commit a transient machine-id on disk was skipped because of an unmet condition check (ConditionPathIsMountPoint=/etc/machine-id).
2026-01-03T15:16:19.013661+00:00 raspberrypi kernel: [    0.007769] devtmpfs: initialized
2026-01-03T15:16:19.013663+00:00 raspberrypi kernel: [    0.011758] Enabled cp15_barrier support
2026-01-03T15:16:19.013665+00:00 raspberrypi kernel: [    0.011775] Enabled setend support
2026-01-03T15:16:19.013666+00:00 raspberrypi kernel: [    0.011852] clocksource: jiffies: mask: 0xffffffff max_cycles: 0xffffffff, max_idle_ns: 7645041785100000 ns
2026-01-03T15:16:19.013665+00:00 raspberrypi systemd[1]: Starting systemd-tmpfiles-setup.service - Create System Files and Directories...
2026-01-03T15:16:19.013674+00:00 raspberrypi systemd[1]: Finished plymouth-read-write.service - Tell Plymouth To Write Out Runtime Data.
2026-01-03T15:16:19.013682+00:00 raspberrypi systemd[1]: Received SIGRTMIN+20 from PID 203 (plymouthd).
2026-01-03T15:16:19.013689+00:00 raspberrypi systemd[1]: Finished console-setup.service - Set console font and keymap.
2026-01-03T15:16:19.013701+00:00 raspberrypi systemd[1]: Starting systemd-rfkill.service - Load/Save RF Kill Switch Status...
2026-01-03T15:16:19.013709+00:00 raspberrypi systemd[1]: proc-sys-fs-binfmt_misc.automount: Got automount request for /proc/sys/fs/binfmt_misc, triggered by 451 (systemd-binfmt)
2026-01-03T15:16:19.013717+00:00 raspberrypi systemd[1]: systemd-ask-password-console.path - Dispatch Password Requests to Console Directory Watch was skipped because of an unmet condition check (ConditionPathExists=!/run/plymouth/pid).
2026-01-03T15:16:19.013725+00:00 raspberrypi systemd[1]: dev-hugepages.mount - Huge Pages File System was skipped because of an unmet condition check (ConditionPathExists=/sys/kernel/mm/hugepages).
2026-01-03T15:16:19.013733+00:00 raspberrypi systemd[1]: Mounting proc-sys-fs-binfmt_misc.mount - Arbitrary Executable File Formats File System...
2026-01-03T15:16:19.013744+00:00 raspberrypi systemd[1]: apparmor.service - Load AppArmor profiles was skipped because of an unmet condition check (ConditionSecurity=apparmor).
2026-01-03T15:16:19.013752+00:00 raspberrypi systemd[1]: Starting modprobe@dm_mod.service - Load Kernel Module dm_mod...
2026-01-03T15:16:19.013760+00:00 raspberrypi systemd[1]: Starting modprobe@efi_pstore.service - Load Kernel Module efi_pstore...
2026-01-03T15:16:19.013767+00:00 raspberrypi systemd[1]: Starting modprobe@loop.service - Load Kernel Module loop...
2026-01-03T15:16:19.013771+00:00 raspberrypi kernel: [    0.011867] futex hash table entries: 1024 (order: 4, 65536 bytes, vmalloc)
2026-01-03T15:16:19.013774+00:00 raspberrypi kernel: [    0.020357] 2G module region forced by RANDOMIZE_MODULE_REGION_FULL
2026-01-03T15:16:19.013775+00:00 raspberrypi systemd[1]: systemd-firstboot.service - First Boot Wizard was skipped because of an unmet condition check (ConditionFirstBoot=yes).
2026-01-03T15:16:19.013780+00:00 raspberrypi kernel: [    0.020374] 0 pages in range for non-PLT usage
2026-01-03T15:16:19.013782+00:00 raspberrypi kernel: [    0.020379] 517360 pages in range for PLT usage
2026-01-03T15:16:19.013783+00:00 raspberrypi kernel: [    0.020551] pinctrl core: initialized pinctrl subsystem
2026-01-03T15:16:19.013785+00:00 raspberrypi kernel: [    0.020947] DMI not present or invalid.
2026-01-03T15:16:19.013786+00:00 raspberrypi kernel: [    0.023322] NET: Registered PF_NETLINK/PF_ROUTE protocol family
2026-01-03T15:16:19.013788+00:00 raspberrypi kernel: [    0.023952] DMA: preallocated 1024 KiB GFP_KERNEL pool for atomic allocations
2026-01-03T15:16:19.013783+00:00 raspberrypi systemd[1]: first-boot-complete.target - First Boot Complete was skipped because of an unmet condition check (ConditionFirstBoot=yes).
2026-01-03T15:16:19.013793+00:00 raspberrypi kernel: [    0.024073] DMA: preallocated 1024 KiB GFP_KERNEL|GFP_DMA pool for atomic allocations
2026-01-03T15:16:19.013795+00:00 raspberrypi kernel: [    0.024218] DMA: preallocated 1024 KiB GFP_KERNEL|GFP_DMA32 pool for atomic allocations
2026-01-03T15:16:19.013796+00:00 raspberrypi kernel: [    0.024249] audit: initializing netlink subsys (disabled)
2026-01-03T15:16:19.013798+00:00 raspberrypi kernel: [    0.024380] audit: type=2000 audit(0.024:1): state=initialized audit_enabled=0 res=1
2026-01-03T15:16:19.013800+00:00 raspberrypi kernel: [    0.024604] thermal_sys: Registered thermal governor 'step_wise'
2026-01-03T15:16:19.013802+00:00 raspberrypi kernel: [    0.024624] cpuidle: using governor menu
2026-01-03T15:16:19.013796+00:00 raspberrypi systemd[1]: systemd-machine-id-commit.service - Commit a transient machine-id on disk was skipped because of an unmet condition check (ConditionPathIsMountPoint=/etc/machine-id).
2026-01-03T15:16:19.013803+00:00 raspberrypi kernel: [    0.024721] hw-breakpoint: found 6 breakpoint and 4 watchpoint registers.
2026-01-03T15:16:19.013808+00:00 raspberrypi kernel: [    0.024774] ASID allocator initialised with 32768 entries
2026-01-03T15:16:19.013810+00:00 raspberrypi kernel: [    0.025175] Serial: AMBA PL011 UART driver
2026-01-03T15:16:19.013808+00:00 raspberrypi systemd[1]: Started systemd-rfkill.service - Load/Save RF Kill Switch Status.
2026-01-03T15:16:19.013812+00:00 raspberrypi kernel: [    0.027452] /soc/interrupt-controller@40041000: Fixed dependency cycle(s) with /soc/interrupt-controller@40041000
2026-01-03T15:16:19.013814+00:00 raspberrypi kernel: [    0.027844] bcm2835-mbox fe00b880.mailbox: mailbox enabled
2026-01-03T15:16:19.013816+00:00 raspberrypi kernel: [    0.036092] raspberrypi-firmware soc:firmware: Attached to firmware from 2025-08-20T17:02:31, variant start
2026-01-03T15:16:19.013817+00:00 raspberrypi kernel: [    0.040094] raspberrypi-firmware soc:firmware: Firmware hash is cd866525580337c0aee4b25880e1f5f9f674fb24
2026-01-03T15:16:19.013815+00:00 raspberrypi systemd[1]: Mounted proc-sys-fs-binfmt_misc.mount - Arbitrary Executable File Formats File System.
2026-01-03T15:16:19.013825+00:00 raspberrypi kernel: [    0.045418] /scb/pcie@7d500000: Fixed dependency cycle(s) with /scb/pcie@7d500000
2026-01-03T15:16:19.013827+00:00 raspberrypi kernel: [    0.045514] /scb/pcie@7d500000: Fixed dependency cycle(s) with /scb/pcie@7d500000
2026-01-03T15:16:19.013828+00:00 raspberrypi kernel: [    0.047562] bcm2835-dma fe007000.dma-controller: DMA legacy API manager, dmachans=0x1
2026-01-03T15:16:19.013826+00:00 raspberrypi systemd[1]: modprobe@dm_mod.service: Deactivated successfully.
2026-01-03T15:16:19.013830+00:00 raspberrypi kernel: [    0.048248] iommu: Default domain type: Translated
2026-01-03T15:16:19.013832+00:00 raspberrypi kernel: [    0.048252] iommu: DMA domain TLB invalidation policy: strict mode
2026-01-03T15:16:19.013833+00:00 raspberrypi kernel: [    0.050298] SCSI subsystem initialized
2026-01-03T15:16:19.013838+00:00 raspberrypi kernel: [    0.050374] usbcore: registered new interface driver usbfs
2026-01-03T15:16:19.013840+00:00 raspberrypi kernel: [    0.050391] usbcore: registered new interface driver hub
2026-01-03T15:16:19.013841+00:00 raspberrypi kernel: [    0.050410] usbcore: registered new device driver usb
2026-01-03T15:16:19.013843+00:00 raspberrypi kernel: [    0.050577] pps_core: LinuxPPS API ver. 1 registered
2026-01-03T15:16:19.013834+00:00 raspberrypi systemd[1]: Finished modprobe@dm_mod.service - Load Kernel Module dm_mod.
2026-01-03T15:16:19.013844+00:00 raspberrypi kernel: [    0.050581] pps_core: Software ver. 5.3.6 - Copyright 2005-2007 Rodolfo Giometti <giometti@linux.it>
2026-01-03T15:16:19.013846+00:00 raspberrypi kernel: [    0.050588] PTP clock support registered
2026-01-03T15:16:19.013851+00:00 raspberrypi kernel: [    0.051124] vgaarb: loaded
2026-01-03T15:16:19.013853+00:00 raspberrypi kernel: [    0.051360] clocksource: Switched to clocksource arch_sys_counter
2026-01-03T15:16:19.013850+00:00 raspberrypi systemd[1]: modprobe@efi_pstore.service: Deactivated successfully.
2026-01-03T15:16:19.013854+00:00 raspberrypi kernel: [    0.051587] VFS: Disk quotas dquot_6.6.0
2026-01-03T15:16:19.013858+00:00 raspberrypi kernel: [    0.051600] VFS: Dquot-cache hash table entries: 512 (order 0, 4096 bytes)
2026-01-03T15:16:19.013859+00:00 raspberrypi kernel: [    0.056578] NET: Registered PF_INET protocol family
2026-01-03T15:16:19.013861+00:00 raspberrypi kernel: [    0.057018] IP idents hash table entries: 65536 (order: 7, 524288 bytes, vmalloc)
2026-01-03T15:16:19.013862+00:00 raspberrypi kernel: [    0.058654] tcp_listen_portaddr_hash hash table entries: 2048 (order: 3, 32768 bytes, vmalloc)
2026-01-03T15:16:19.013860+00:00 raspberrypi systemd[1]: Finished modprobe@efi_pstore.service - Load Kernel Module efi_pstore.
2026-01-03T15:16:19.013869+00:00 raspberrypi kernel: [    0.058697] Table-perturb hash table entries: 65536 (order: 6, 262144 bytes, vmalloc)
2026-01-03T15:16:19.013871+00:00 raspberrypi kernel: [    0.058711] TCP established hash table entries: 32768 (order: 6, 262144 bytes, vmalloc)
2026-01-03T15:16:19.013869+00:00 raspberrypi systemd[1]: modprobe@loop.service: Deactivated successfully.
2026-01-03T15:16:19.013872+00:00 raspberrypi kernel: [    0.058886] TCP bind hash table entries: 32768 (order: 8, 1048576 bytes, vmalloc)
2026-01-03T15:16:19.013874+00:00 raspberrypi kernel: [    0.059434] TCP: Hash tables configured (established 32768 bind 32768)
2026-01-03T15:16:19.013875+00:00 raspberrypi kernel: [    0.059713] MPTCP token hash table entries: 4096 (order: 4, 98304 bytes, vmalloc)
2026-01-03T15:16:19.013877+00:00 raspberrypi kernel: [    0.059795] UDP hash table entries: 2048 (order: 4, 65536 bytes, vmalloc)
2026-01-03T15:16:19.013876+00:00 raspberrypi systemd[1]: Finished modprobe@loop.service - Load Kernel Module loop.
2026-01-03T15:16:19.013884+00:00 raspberrypi systemd[1]: systemd-pstore.service - Platform Persistent Storage Archival was skipped because of an unmet condition check (ConditionDirectoryNotEmpty=/sys/fs/pstore).
2026-01-03T15:16:19.013894+00:00 raspberrypi kernel: [    0.059828] UDP-Lite hash table entries: 2048 (order: 4, 65536 bytes, vmalloc)
2026-01-03T15:16:19.013896+00:00 raspberrypi kernel: [    0.059935] NET: Registered PF_UNIX/PF_LOCAL protocol family
2026-01-03T15:16:19.013897+00:00 raspberrypi kernel: [    0.060281] RPC: Registered named UNIX socket transport module.
2026-01-03T15:16:19.013892+00:00 raspberrypi systemd[1]: systemd-repart.service - Repartition Root Disk was skipped because no trigger condition checks were met.
2026-01-03T15:16:19.013898+00:00 raspberrypi kernel: [    0.060287] RPC: Registered udp transport module.
2026-01-03T15:16:19.013902+00:00 raspberrypi kernel: [    0.060290] RPC: Registered tcp transport module.
2026-01-03T15:16:19.013904+00:00 raspberrypi kernel: [    0.060292] RPC: Registered tcp-with-tls transport module.
2026-01-03T15:16:19.013904+00:00 raspberrypi systemd[1]: Finished systemd-binfmt.service - Set Up Additional Binary Formats.
2026-01-03T15:16:19.013908+00:00 raspberrypi kernel: [    0.060294] RPC: Registered tcp NFSv4.1 backchannel transport module.
2026-01-03T15:16:19.013910+00:00 raspberrypi kernel: [    0.060304] PCI: CLS 0 bytes, default 64
2026-01-03T15:16:19.013912+00:00 raspberrypi kernel: [    0.062614] kvm [1]: nv: 554 coarse grained trap handlers
2026-01-03T15:16:19.013913+00:00 raspberrypi kernel: [    0.062812] kvm [1]: IPA Size Limit: 44 bits
2026-01-03T15:16:19.013914+00:00 raspberrypi kernel: [    0.063350] kvm [1]: vgic interrupt IRQ9
2026-01-03T15:16:19.013913+00:00 raspberrypi systemd[1]: systemd-ask-password-console.path - Dispatch Password Requests to Console Directory Watch was skipped because of an unmet condition check (ConditionPathExists=!/run/plymouth/pid).
2026-01-03T15:16:19.013918+00:00 raspberrypi kernel: [    0.063523] Trying to unpack rootfs image as initramfs...
2026-01-03T15:16:19.013919+00:00 raspberrypi kernel: [    0.067501] kvm [1]: Hyp nVHE mode initialized successfully
2026-01-03T15:16:19.013924+00:00 raspberrypi kernel: [    0.406192] Freeing initrd memory: 17620K
2026-01-03T15:16:19.013921+00:00 raspberrypi systemd[1]: dev-hugepages.mount - Huge Pages File System was skipped because of an unmet condition check (ConditionPathExists=/sys/kernel/mm/hugepages).
2026-01-03T15:16:19.013926+00:00 raspberrypi kernel: [    0.456249] Initialise system trusted keyrings
2026-01-03T15:16:19.013928+00:00 raspberrypi kernel: [    0.456549] workingset: timestamp_bits=42 max_order=20 bucket_order=0
2026-01-03T15:16:19.013929+00:00 raspberrypi kernel: [    0.456938] NFS: Registering the id_resolver key type
2026-01-03T15:16:19.013930+00:00 raspberrypi kernel: [    0.456951] Key type id_resolver registered
2026-01-03T15:16:19.013932+00:00 raspberrypi kernel: [    0.456954] Key type id_legacy registered
2026-01-03T15:16:19.013930+00:00 raspberrypi systemd[1]: apparmor.service - Load AppArmor profiles was skipped because of an unmet condition check (ConditionSecurity=apparmor).
2026-01-03T15:16:19.013936+00:00 raspberrypi kernel: [    0.456965] nfs4filelayout_init: NFSv4 File Layout Driver Registering...
2026-01-03T15:16:19.013938+00:00 raspberrypi kernel: [    0.456970] nfs4flexfilelayout_init: NFSv4 Flexfile Layout Driver Registering...
2026-01-03T15:16:19.013940+00:00 raspberrypi kernel: [    0.457296] Key type asymmetric registered
2026-01-03T15:16:19.013941+00:00 raspberrypi kernel: [    0.457301] Asymmetric key parser 'x509' registered
2026-01-03T15:16:19.013942+00:00 raspberrypi kernel: [    0.457329] Block layer SCSI generic (bsg) driver version 0.4 loaded (major 247)
2026-01-03T15:16:19.013944+00:00 raspberrypi kernel: [    0.457417] io scheduler mq-deadline registered
2026-01-03T15:16:19.013937+00:00 raspberrypi systemd[1]: Starting modprobe@dm_mod.service - Load Kernel Module dm_mod...
2026-01-03T15:16:19.013945+00:00 raspberrypi kernel: [    0.457422] io scheduler kyber registered
2026-01-03T15:16:19.013951+00:00 raspberrypi kernel: [    0.457439] io scheduler bfq registered
2026-01-03T15:16:19.013953+00:00 raspberrypi kernel: [    0.457877] irq_brcmstb_l2: registered L2 intc (/soc/interrupt-controller@7ef00100, parent irq: 23)
2026-01-03T15:16:19.013950+00:00 raspberrypi systemd[1]: Starting modprobe@efi_pstore.service - Load Kernel Module efi_pstore...
2026-01-03T15:16:19.013954+00:00 raspberrypi kernel: [    0.458942] pinctrl-bcm2835 fe200000.gpio: GPIO_OUT persistence: yes
2026-01-03T15:16:19.013956+00:00 raspberrypi kernel: [    0.465993] ledtrig-cpu: registered to indicate activity on CPUs
2026-01-03T15:16:19.013958+00:00 raspberrypi kernel: [    0.467035] brcm-pcie fd500000.pcie: host bridge /scb/pcie@7d500000 ranges:
2026-01-03T15:16:19.013959+00:00 raspberrypi kernel: [    0.467060] brcm-pcie fd500000.pcie:   No bus range found for /scb/pcie@7d500000, using [bus 00-ff]
2026-01-03T15:16:19.013958+00:00 raspberrypi systemd[1]: Starting modprobe@loop.service - Load Kernel Module loop...
2026-01-03T15:16:19.013964+00:00 raspberrypi kernel: [    0.467079] brcm-pcie fd500000.pcie:      MEM 0x0600000000..0x063fffffff -> 0x00c0000000
2026-01-03T15:16:19.013966+00:00 raspberrypi kernel: [    0.467095] brcm-pcie fd500000.pcie:   IB MEM 0x0000000000..0x00ffffffff -> 0x0400000000
2026-01-03T15:16:19.013968+00:00 raspberrypi kernel: [    0.468117] brcm-pcie fd500000.pcie: PCI host bridge to bus 0000:00
2026-01-03T15:16:19.013966+00:00 raspberrypi systemd[1]: systemd-firstboot.service - First Boot Wizard was skipped because of an unmet condition check (ConditionFirstBoot=yes).
2026-01-03T15:16:19.013969+00:00 raspberrypi kernel: [    0.468134] pci_bus 0000:00: root bus resource [bus 00-ff]
2026-01-03T15:16:19.013971+00:00 raspberrypi kernel: [    0.468141] pci_bus 0000:00: root bus resource [mem 0x600000000-0x63fffffff] (bus address [0xc0000000-0xffffffff])
2026-01-03T15:16:19.013973+00:00 raspberrypi kernel: [    0.468187] pci 0000:00:00.0: [14e4:2711] type 01 class 0x060400 PCIe Root Port
2026-01-03T15:16:19.013973+00:00 raspberrypi systemd[1]: first-boot-complete.target - First Boot Complete was skipped because of an unmet condition check (ConditionFirstBoot=yes).
2026-01-03T15:16:19.013977+00:00 raspberrypi kernel: [    0.468201] pci 0000:00:00.0: PCI bridge to [bus 00]
2026-01-03T15:16:19.013979+00:00 raspberrypi kernel: [    0.468207] pci 0000:00:00.0:   bridge window [mem 0x80000000-0xbfffffff]
2026-01-03T15:16:19.013981+00:00 raspberrypi kernel: [    0.468246] pci 0000:00:00.0: PME# supported from D0 D3hot
2026-01-03T15:16:19.013983+00:00 raspberrypi kernel: [    0.469578] pci 0000:00:00.0: bridge configuration invalid ([bus 00-00]), reconfiguring
2026-01-03T15:16:19.013984+00:00 raspberrypi kernel: [    0.469663] pci_bus 0000:01: supply vpcie3v3 not found, using dummy regulator
2026-01-03T15:16:19.013981+00:00 raspberrypi systemd[1]: systemd-machine-id-commit.service - Commit a transient machine-id on disk was skipped because of an unmet condition check (ConditionPathIsMountPoint=/etc/machine-id).
2026-01-03T15:16:19.013986+00:00 raspberrypi kernel: [    0.469735] pci_bus 0000:01: supply vpcie3v3aux not found, using dummy regulator
2026-01-03T15:16:19.013991+00:00 raspberrypi kernel: [    0.469757] pci_bus 0000:01: supply vpcie12v not found, using dummy regulator
2026-01-03T15:16:19.013992+00:00 raspberrypi kernel: [    0.571374] brcm-pcie fd500000.pcie: clkreq-mode set to default
2026-01-03T15:16:19.013994+00:00 raspberrypi kernel: [    0.573437] brcm-pcie fd500000.pcie: link up, 5.0 GT/s PCIe x1 (SSC)
2026-01-03T15:16:19.013995+00:00 raspberrypi kernel: [    0.573564] pci 0000:01:00.0: [1106:3483] type 00 class 0x0c0330 PCIe Endpoint
2026-01-03T15:16:19.013990+00:00 raspberrypi systemd[1]: modprobe@efi_pstore.service: Deactivated successfully.
2026-01-03T15:16:19.013997+00:00 raspberrypi kernel: [    0.573619] pci 0000:01:00.0: BAR 0 [mem 0x00000000-0x00000fff 64bit]
2026-01-03T15:16:19.014000+00:00 raspberrypi kernel: [    0.573676] pci 0000:01:00.0: ASPM: VL805 fixup applied
2026-01-03T15:16:19.014002+00:00 raspberrypi kernel: [    0.573760] pci 0000:01:00.0: PME# supported from D0 D3hot
2026-01-03T15:16:19.014002+00:00 raspberrypi systemd[1]: Finished modprobe@efi_pstore.service - Load Kernel Module efi_pstore.
2026-01-03T15:16:19.014010+00:00 raspberrypi systemd[1]: modprobe@dm_mod.service: Deactivated successfully.
